=== beamsurrogate [run] run_id=p4_cnn_ss20_c8_8 model=cnn regime=pushforward stabilizer=none dataset=simple features=['U'] ===
[mem] start: 0.57 Go
Loaded 2000 trajectories from /home/aph25/Code_GH/data/beam_dataset_simple.h5
Split distribution (from dataset):
  train : 1817 simulations (90.8 %)
  val   :   84 simulations (4.2 %)
  test  :   99 simulations (5.0 %)
[mem] after load_hdf5_dataset: 30.59 Go
[mem] after compute_norm_stats: 30.59 Go
ConvNet(
  (conv): Sequential(
    (0): Conv1d(2, 8, kernel_size=(5,), stride=(1,), padding=(2,))
    (1): ReLU()
    (2): Conv1d(8, 8, kernel_size=(5,), stride=(1,), padding=(2,))
    (3): ReLU()
  )
  (head): Sequential(
    (0): Linear(in_features=328, out_features=32, bias=True)
    (1): ReLU()
    (2): Linear(in_features=32, out_features=1, bias=True)
  )
)
Parameters: 10,977
[mem] after make_dataloaders: 57.80 Go
[mem] after trimming df to test split: 29.88 Go
Epoch    1/100  --  data: 0.0263  |  pushforward: 0.1574  |  physics: 0.2864  |  L2 rel error (val): 0.9946
Epoch    2/100  --  data: 0.0112  |  pushforward: 0.0530  |  physics: 0.1507  |  L2 rel error (val): 0.9810
Epoch    3/100  --  data: 0.0094  |  pushforward: 0.0409  |  physics: 0.1418  |  L2 rel error (val): 0.9780
Epoch    4/100  --  data: 0.0088  |  pushforward: 0.0357  |  physics: 0.1379  |  L2 rel error (val): 0.9804
Epoch    5/100  --  data: 0.0087  |  pushforward: 0.0337  |  physics: 0.1500  |  L2 rel error (val): 0.9768
Epoch    6/100  --  data: 0.0079  |  pushforward: 0.0283  |  physics: 0.1495  |  L2 rel error (val): 0.9781
Epoch    7/100  --  data: 0.0077  |  pushforward: 0.0280  |  physics: 0.1556  |  L2 rel error (val): 0.9782
Epoch    8/100  --  data: 0.0070  |  pushforward: 0.0247  |  physics: 0.1492  |  L2 rel error (val): 0.9763
Epoch    9/100  --  data: 0.0068  |  pushforward: 0.0236  |  physics: 0.1508  |  L2 rel error (val): 0.9777
Epoch   10/100  --  data: 0.0064  |  pushforward: 0.0227  |  physics: 0.1494  |  L2 rel error (val): 0.9762
Epoch   11/100  --  data: 0.0061  |  pushforward: 0.0206  |  physics: 0.1386  |  L2 rel error (val): 0.9759
Epoch   12/100  --  data: 0.0056  |  pushforward: 0.0193  |  physics: 0.1368  |  L2 rel error (val): 27.7405
Epoch   13/100  --  data: 0.0056  |  pushforward: 0.0192  |  physics: 0.1421  |  L2 rel error (val): 0.9780
Epoch   14/100  --  data: 0.0053  |  pushforward: 0.0183  |  physics: 0.1391  |  L2 rel error (val): 0.9762
Epoch   15/100  --  data: 0.0052  |  pushforward: 0.0182  |  physics: 0.1423  |  L2 rel error (val): 0.9752
Epoch   16/100  --  data: 0.0050  |  pushforward: 0.0173  |  physics: 0.1447  |  L2 rel error (val): 0.9762
Epoch   17/100  --  data: 0.0049  |  pushforward: 0.0171  |  physics: 0.1430  |  L2 rel error (val): 0.9770
Epoch   18/100  --  data: 0.0049  |  pushforward: 0.0173  |  physics: 0.1485  |  L2 rel error (val): 0.9743
Epoch   19/100  --  data: 0.0048  |  pushforward: 0.0169  |  physics: 0.1450  |  L2 rel error (val): 0.9743
Epoch   20/100  --  data: 0.0047  |  pushforward: 0.0165  |  physics: 0.1432  |  L2 rel error (val): 0.9748
Epoch   21/100  --  data: 0.0046  |  pushforward: 0.0155  |  physics: 0.1427  |  L2 rel error (val): 0.9762
Epoch   22/100  --  data: 0.0046  |  pushforward: 0.0161  |  physics: 0.1479  |  L2 rel error (val): 0.9746
Epoch   23/100  --  data: 0.0044  |  pushforward: 0.0153  |  physics: 0.1428  |  L2 rel error (val): 0.9777
Epoch   24/100  --  data: 0.0044  |  pushforward: 0.0151  |  physics: 0.1411  |  L2 rel error (val): 0.9746
Epoch   25/100  --  data: 0.0043  |  pushforward: 0.0152  |  physics: 0.1443  |  L2 rel error (val): 0.9746
Epoch   26/100  --  data: 0.0041  |  pushforward: 0.0140  |  physics: 0.1316  |  L2 rel error (val): 0.9738
Epoch   27/100  --  data: 0.0040  |  pushforward: 0.0137  |  physics: 0.1302  |  L2 rel error (val): 0.9745
Epoch   28/100  --  data: 0.0039  |  pushforward: 0.0132  |  physics: 0.1257  |  L2 rel error (val): 0.9740
Epoch   29/100  --  data: 0.0039  |  pushforward: 0.0130  |  physics: 0.1238  |  L2 rel error (val): 0.9740
Epoch   30/100  --  data: 0.0038  |  pushforward: 0.0130  |  physics: 0.1295  |  L2 rel error (val): 0.9762
Epoch   31/100  --  data: 0.0038  |  pushforward: 0.0130  |  physics: 0.1273  |  L2 rel error (val): 0.9745
Epoch   32/100  --  data: 0.0036  |  pushforward: 0.0123  |  physics: 0.1168  |  L2 rel error (val): 0.9747
Epoch   33/100  --  data: 0.0038  |  pushforward: 0.0132  |  physics: 0.1242  |  L2 rel error (val): 0.9754
Epoch   34/100  --  data: 0.0036  |  pushforward: 0.0125  |  physics: 0.1162  |  L2 rel error (val): 0.9749
Epoch   35/100  --  data: 0.0037  |  pushforward: 0.0126  |  physics: 0.1192  |  L2 rel error (val): 0.9743
Epoch   36/100  --  data: 0.0037  |  pushforward: 0.0132  |  physics: 0.1180  |  L2 rel error (val): 0.9741
Epoch   37/100  --  data: 0.0036  |  pushforward: 0.0126  |  physics: 0.1206  |  L2 rel error (val): 0.9743
Epoch   38/100  --  data: 0.0036  |  pushforward: 0.0128  |  physics: 0.1178  |  L2 rel error (val): 0.9749
Epoch   39/100  --  data: 0.0035  |  pushforward: 0.0128  |  physics: 0.1179  |  L2 rel error (val): 0.9740
Epoch   40/100  --  data: 0.0035  |  pushforward: 0.0127  |  physics: 0.1221  |  L2 rel error (val): 9.5635
Epoch   41/100  --  data: 0.0036  |  pushforward: 0.0132  |  physics: 0.1255  |  L2 rel error (val): 0.9748
Early stopping at epoch 41: val loss hasn't improved for 15 epochs (best=0.973791).
Best model reloaded -- minimum L2 rel error (val): 0.973791
[mem] after training: 30.12 Go
[mem] after evaluate_one_step: 30.17 Go
[mem] after rollout + benchmark: 30.17 Go
Done -- outputs in /home/aph25/Code_GH/runs/p4_cnn_ss20_c8_8
RUN DONE: configs/runs/p4_cnn_ss20_c8_8.yaml
