=== beamsurrogate [run] run_id=p6_dataset_medium_bidir model=mlp regime=pushforward stabilizer=none dataset=medium_bidir features=['U'] ===
[mem] start: 0.58 Go
Loaded 2000 trajectories from /home/aph25/Code_GH/data/beam_dataset_medium_bidir.h5
Split distribution (from dataset):
  train : 1789 simulations (89.5 %)
  val   :   95 simulations (4.8 %)
  test  :  116 simulations (5.8 %)
[mem] after load_hdf5_dataset: 28.96 Go
[mem] after compute_norm_stats: 28.96 Go
MLP(
  (net): Sequential(
    (0): Linear(in_features=69, out_features=256, bias=True)
    (1): GELU(approximate='none')
    (2): Linear(in_features=256, out_features=128, bias=True)
    (3): GELU(approximate='none')
    (4): Linear(in_features=128, out_features=32, bias=True)
    (5): GELU(approximate='none')
    (6): Linear(in_features=32, out_features=2, bias=True)
  )
)
Parameters: 55,010
[mem] after make_dataloaders: 54.36 Go
[mem] after trimming df to test split: 28.16 Go
Epoch    1/100  --  data: 0.0442  |  pushforward: 1.3529  |  physics: 0.1864  |  comparable loss (val): 0.0626
Epoch    2/100  --  data: 0.0213  |  pushforward: 0.6445  |  physics: 0.0584  |  comparable loss (val): 0.1322
Epoch    3/100  --  data: 0.0191  |  pushforward: 0.5273  |  physics: 0.0507  |  comparable loss (val): 0.2751
Epoch    4/100  --  data: 0.0160  |  pushforward: 0.4172  |  physics: 0.0420  |  comparable loss (val): 0.1119
Epoch    5/100  --  data: 0.0145  |  pushforward: 0.3506  |  physics: 0.0395  |  comparable loss (val): 0.1537
Epoch    6/100  --  data: 0.0132  |  pushforward: 0.3124  |  physics: 0.0360  |  comparable loss (val): 0.6295
Epoch    7/100  --  data: 0.0102  |  pushforward: 0.2142  |  physics: 0.0291  |  comparable loss (val): 0.0569
Epoch    8/100  --  data: 0.0096  |  pushforward: 0.1966  |  physics: 0.0268  |  comparable loss (val): 0.7043
Epoch    9/100  --  data: 0.0096  |  pushforward: 0.2067  |  physics: 0.0275  |  comparable loss (val): 0.0363
Epoch   10/100  --  data: 0.0086  |  pushforward: 0.1777  |  physics: 0.0249  |  comparable loss (val): 0.2543
Epoch   11/100  --  data: 0.0074  |  pushforward: 0.1404  |  physics: 0.0223  |  comparable loss (val): 0.0269
Epoch   12/100  --  data: 0.0072  |  pushforward: 0.1368  |  physics: 0.0216  |  comparable loss (val): 0.0515
Epoch   13/100  --  data: 0.0071  |  pushforward: 0.1401  |  physics: 0.0217  |  comparable loss (val): 0.0195
Epoch   14/100  --  data: 0.0070  |  pushforward: 0.1382  |  physics: 0.0215  |  comparable loss (val): 0.2409
Epoch   15/100  --  data: 0.0068  |  pushforward: 0.1303  |  physics: 0.0221  |  comparable loss (val): 0.0436
Epoch   16/100  --  data: 0.0064  |  pushforward: 0.1216  |  physics: 0.0203  |  comparable loss (val): 0.0903
Epoch   17/100  --  data: 0.0065  |  pushforward: 0.1325  |  physics: 0.0203  |  comparable loss (val): 0.0823
Epoch   18/100  --  data: 0.0067  |  pushforward: 0.1319  |  physics: 0.0215  |  comparable loss (val): 0.0890
Epoch   19/100  --  data: 0.0062  |  pushforward: 0.1198  |  physics: 0.0192  |  comparable loss (val): 0.0544
Epoch   20/100  --  data: 0.0055  |  pushforward: 0.0960  |  physics: 0.0180  |  comparable loss (val): 0.0225
Epoch   21/100  --  data: 0.0062  |  pushforward: 0.1202  |  physics: 0.0201  |  comparable loss (val): 0.0881
Epoch   22/100  --  data: 0.0059  |  pushforward: 0.1127  |  physics: 0.0199  |  comparable loss (val): 0.0152
Epoch   23/100  --  data: 0.0054  |  pushforward: 0.0945  |  physics: 0.0168  |  comparable loss (val): 0.0687
Epoch   24/100  --  data: 0.0049  |  pushforward: 0.0865  |  physics: 0.0163  |  comparable loss (val): 0.0255
Epoch   25/100  --  data: 0.0049  |  pushforward: 0.0881  |  physics: 0.0163  |  comparable loss (val): 0.0703
Epoch   26/100  --  data: 0.0052  |  pushforward: 0.0983  |  physics: 0.0169  |  comparable loss (val): 0.1094
Epoch   27/100  --  data: 0.0048  |  pushforward: 0.0826  |  physics: 0.0156  |  comparable loss (val): 0.0857
Epoch   28/100  --  data: 0.0056  |  pushforward: 0.1092  |  physics: 0.0193  |  comparable loss (val): 0.0262
Epoch   29/100  --  data: 0.0048  |  pushforward: 0.0849  |  physics: 0.0157  |  comparable loss (val): 0.0379
Epoch   30/100  --  data: 0.0047  |  pushforward: 0.0808  |  physics: 0.0153  |  comparable loss (val): 0.0269
Epoch   31/100  --  data: 0.0047  |  pushforward: 0.0785  |  physics: 0.0150  |  comparable loss (val): 0.0449
Epoch   32/100  --  data: 0.0044  |  pushforward: 0.0786  |  physics: 0.0147  |  comparable loss (val): 0.0220
Epoch   33/100  --  data: 0.0051  |  pushforward: 0.0883  |  physics: 0.0165  |  comparable loss (val): 0.0234
Epoch   34/100  --  data: 0.0042  |  pushforward: 0.0711  |  physics: 0.0142  |  comparable loss (val): 0.1442
Epoch   35/100  --  data: 0.0051  |  pushforward: 0.0892  |  physics: 0.0161  |  comparable loss (val): 0.0156
Epoch   36/100  --  data: 0.0041  |  pushforward: 0.0715  |  physics: 0.0144  |  comparable loss (val): 0.0113
Epoch   37/100  --  data: 0.0042  |  pushforward: 0.0741  |  physics: 0.0139  |  comparable loss (val): 0.0337
Epoch   38/100  --  data: 0.0044  |  pushforward: 0.0792  |  physics: 0.0143  |  comparable loss (val): 0.0924
Epoch   39/100  --  data: 0.0044  |  pushforward: 0.0805  |  physics: 0.0146  |  comparable loss (val): 0.0265
Epoch   40/100  --  data: 0.0047  |  pushforward: 0.0823  |  physics: 0.0152  |  comparable loss (val): 0.0273
Epoch   41/100  --  data: 0.0042  |  pushforward: 0.0735  |  physics: 0.0142  |  comparable loss (val): 0.0359
Epoch   42/100  --  data: 0.0039  |  pushforward: 0.0661  |  physics: 0.0131  |  comparable loss (val): 0.0611
Epoch   43/100  --  data: 0.0036  |  pushforward: 0.0576  |  physics: 0.0125  |  comparable loss (val): 0.6253
Epoch   44/100  --  data: 0.0038  |  pushforward: 0.0624  |  physics: 0.0130  |  comparable loss (val): 0.0206
Epoch   45/100  --  data: 0.0037  |  pushforward: 0.0623  |  physics: 0.0129  |  comparable loss (val): 0.0502
Epoch   46/100  --  data: 0.0035  |  pushforward: 0.0578  |  physics: 0.0121  |  comparable loss (val): 0.0413
Epoch   47/100  --  data: 0.0036  |  pushforward: 0.0620  |  physics: 0.0127  |  comparable loss (val): 0.0244
Epoch   48/100  --  data: 0.0043  |  pushforward: 0.0779  |  physics: 0.0155  |  comparable loss (val): 0.0755
Epoch   49/100  --  data: 0.0034  |  pushforward: 0.0543  |  physics: 0.0121  |  comparable loss (val): 0.0186
Epoch   50/100  --  data: 0.0036  |  pushforward: 0.0565  |  physics: 0.0126  |  comparable loss (val): 0.0174
Epoch   51/100  --  data: 0.0035  |  pushforward: 0.0592  |  physics: 0.0123  |  comparable loss (val): 0.0094
Epoch   52/100  --  data: 0.0037  |  pushforward: 0.0609  |  physics: 0.0132  |  comparable loss (val): 0.0412
Epoch   53/100  --  data: 0.0033  |  pushforward: 0.0518  |  physics: 0.0115  |  comparable loss (val): 0.0984
Epoch   54/100  --  data: 0.0037  |  pushforward: 0.0633  |  physics: 0.0125  |  comparable loss (val): 0.0178
Epoch   55/100  --  data: 0.0036  |  pushforward: 0.0604  |  physics: 0.0129  |  comparable loss (val): 0.0203
Epoch   56/100  --  data: 0.0033  |  pushforward: 0.0558  |  physics: 0.0118  |  comparable loss (val): 0.0285
Epoch   57/100  --  data: 0.0034  |  pushforward: 0.0565  |  physics: 0.0119  |  comparable loss (val): 0.0265
Epoch   58/100  --  data: 0.0033  |  pushforward: 0.0535  |  physics: 0.0115  |  comparable loss (val): 0.0165
Epoch   59/100  --  data: 0.0032  |  pushforward: 0.0503  |  physics: 0.0115  |  comparable loss (val): 0.4750
Epoch   60/100  --  data: 0.0034  |  pushforward: 0.0579  |  physics: 0.0122  |  comparable loss (val): 0.0154
Epoch   61/100  --  data: 0.0030  |  pushforward: 0.0484  |  physics: 0.0107  |  comparable loss (val): 0.0378
Epoch   62/100  --  data: 0.0033  |  pushforward: 0.0581  |  physics: 0.0124  |  comparable loss (val): 0.0287
Epoch   63/100  --  data: 0.0032  |  pushforward: 0.0507  |  physics: 0.0117  |  comparable loss (val): 0.0148
Epoch   64/100  --  data: 0.0033  |  pushforward: 0.0568  |  physics: 0.0118  |  comparable loss (val): 0.1487
Epoch   65/100  --  data: 0.0034  |  pushforward: 0.0578  |  physics: 0.0128  |  comparable loss (val): 0.0608
Epoch   66/100  --  data: 0.0030  |  pushforward: 0.0460  |  physics: 0.0111  |  comparable loss (val): 0.1145
Early stopping at epoch 66: val loss hasn't improved for 15 epochs (best=0.009444).
Best model reloaded -- minimum comparable loss (val): 0.009444
[mem] after training: 28.95 Go
[mem] after evaluate_one_step: 29.06 Go
[mem] after rollout + benchmark: 29.06 Go
Done -- outputs in runs/p6_performance_different_datasets/p6_dataset_medium_bidir
RUN DONE: runs/p6_performance_different_datasets/p6_dataset_medium_bidir/config.yaml
