=== beamsurrogate [run] run_id=p4_cnn model=cnn regime=teacher_forcing stabilizer=none dataset=simple features=['U'] ===
[mem] start: 0.58 Go
Loaded 2000 trajectories from /home/aph25/Code_GH/data/beam_dataset_simple.h5
Split distribution (from dataset):
  train : 1817 simulations (90.8 %)
  val   :   84 simulations (4.2 %)
  test  :   99 simulations (5.0 %)
[mem] after load_hdf5_dataset: 20.61 Go
[mem] after compute_norm_stats: 20.61 Go
ConvNet(
  (conv): Sequential(
    (0): Conv1d(2, 16, kernel_size=(5,), stride=(1,), padding=(2,))
    (1): ReLU()
    (2): Conv1d(16, 32, kernel_size=(5,), stride=(1,), padding=(2,))
    (3): ReLU()
  )
  (head): Sequential(
    (0): Linear(in_features=736, out_features=32, bias=True)
    (1): ReLU()
    (2): Linear(in_features=32, out_features=3, bias=True)
  )
)
Parameters: 26,451
[mem] after make_dataloaders: 38.33 Go
[mem] after trimming df to test split: 19.80 Go
Epoch    1/100  --  data: 0.0065  |  val: 0.0030
Epoch    2/100  --  data: 0.0011  |  val: 0.0014
Epoch    3/100  --  data: 0.0007  |  val: 0.0008
Epoch    4/100  --  data: 0.0005  |  val: 0.0006
Epoch    5/100  --  data: 0.0004  |  val: 0.0005
Epoch    6/100  --  data: 0.0003  |  val: 0.0005
Epoch    7/100  --  data: 0.0003  |  val: 0.0006
Epoch    8/100  --  data: 0.0003  |  val: 0.0006
Epoch    9/100  --  data: 0.0002  |  val: 0.0004
Epoch   10/100  --  data: 0.0002  |  val: 0.0003
Epoch   11/100  --  data: 0.0002  |  val: 0.0003
Epoch   12/100  --  data: 0.0002  |  val: 0.0003
Epoch   13/100  --  data: 0.0002  |  val: 0.0004
Epoch   14/100  --  data: 0.0002  |  val: 0.0006
Epoch   15/100  --  data: 0.0002  |  val: 0.0003
Epoch   16/100  --  data: 0.0002  |  val: 0.0002
Epoch   17/100  --  data: 0.0001  |  val: 0.0002
Epoch   18/100  --  data: 0.0001  |  val: 0.0002
Epoch   19/100  --  data: 0.0001  |  val: 0.0003
Epoch   20/100  --  data: 0.0001  |  val: 0.0002
Epoch   21/100  --  data: 0.0001  |  val: 0.0003
Epoch   22/100  --  data: 0.0001  |  val: 0.0002
Epoch   23/100  --  data: 0.0001  |  val: 0.0002
Epoch   24/100  --  data: 0.0001  |  val: 0.0001
Epoch   25/100  --  data: 0.0001  |  val: 0.0002
Epoch   26/100  --  data: 0.0001  |  val: 0.0002
Epoch   27/100  --  data: 0.0001  |  val: 0.0001
Epoch   28/100  --  data: 0.0001  |  val: 0.0001
Epoch   29/100  --  data: 0.0001  |  val: 0.0002
Epoch   30/100  --  data: 0.0001  |  val: 0.0002
Epoch   31/100  --  data: 0.0001  |  val: 0.0002
Epoch   32/100  --  data: 0.0001  |  val: 0.0002
Epoch   33/100  --  data: 0.0001  |  val: 0.0001
Epoch   34/100  --  data: 0.0001  |  val: 0.0002
Epoch   35/100  --  data: 0.0001  |  val: 0.0002
Epoch   36/100  --  data: 0.0001  |  val: 0.0002
Epoch   37/100  --  data: 0.0001  |  val: 0.0002
Epoch   38/100  --  data: 0.0001  |  val: 0.0002
Epoch   39/100  --  data: 0.0001  |  val: 0.0002
Epoch   40/100  --  data: 0.0001  |  val: 0.0001
Epoch   41/100  --  data: 0.0001  |  val: 0.0001
Epoch   42/100  --  data: 0.0001  |  val: 0.0001
Epoch   43/100  --  data: 0.0001  |  val: 0.0001
Epoch   44/100  --  data: 0.0001  |  val: 0.0001
Epoch   45/100  --  data: 0.0001  |  val: 0.0001
Epoch   46/100  --  data: 0.0001  |  val: 0.0001
Epoch   47/100  --  data: 0.0001  |  val: 0.0001
Epoch   48/100  --  data: 0.0001  |  val: 0.0001
Epoch   49/100  --  data: 0.0001  |  val: 0.0001
Epoch   50/100  --  data: 0.0001  |  val: 0.0001
Epoch   51/100  --  data: 0.0001  |  val: 0.0001
Epoch   52/100  --  data: 0.0000  |  val: 0.0001
Epoch   53/100  --  data: 0.0000  |  val: 0.0001
Epoch   54/100  --  data: 0.0000  |  val: 0.0001
Epoch   55/100  --  data: 0.0000  |  val: 0.0001
Epoch   56/100  --  data: 0.0000  |  val: 0.0001
Epoch   57/100  --  data: 0.0000  |  val: 0.0001
Epoch   58/100  --  data: 0.0000  |  val: 0.0001
Epoch   59/100  --  data: 0.0000  |  val: 0.0001
Epoch   60/100  --  data: 0.0000  |  val: 0.0001
Epoch   61/100  --  data: 0.0000  |  val: 0.0001
Epoch   62/100  --  data: 0.0000  |  val: 0.0001
Epoch   63/100  --  data: 0.0000  |  val: 0.0001
Epoch   64/100  --  data: 0.0000  |  val: 0.0001
Epoch   65/100  --  data: 0.0000  |  val: 0.0001
Epoch   66/100  --  data: 0.0000  |  val: 0.0001
Epoch   67/100  --  data: 0.0000  |  val: 0.0001
Epoch   68/100  --  data: 0.0000  |  val: 0.0001
Epoch   69/100  --  data: 0.0000  |  val: 0.0001
Epoch   70/100  --  data: 0.0000  |  val: 0.0001
Epoch   71/100  --  data: 0.0000  |  val: 0.0002
Epoch   72/100  --  data: 0.0000  |  val: 0.0001
Epoch   73/100  --  data: 0.0000  |  val: 0.0001
Epoch   74/100  --  data: 0.0000  |  val: 0.0001
Epoch   75/100  --  data: 0.0000  |  val: 0.0001
Epoch   76/100  --  data: 0.0000  |  val: 0.0001
Epoch   77/100  --  data: 0.0000  |  val: 0.0001
Epoch   78/100  --  data: 0.0000  |  val: 0.0001
Epoch   79/100  --  data: 0.0000  |  val: 0.0001
Epoch   80/100  --  data: 0.0000  |  val: 0.0001
Epoch   81/100  --  data: 0.0000  |  val: 0.0001
Epoch   82/100  --  data: 0.0000  |  val: 0.0001
Epoch   83/100  --  data: 0.0000  |  val: 0.0001
Epoch   84/100  --  data: 0.0000  |  val: 0.0001
Epoch   85/100  --  data: 0.0000  |  val: 0.0001
Epoch   86/100  --  data: 0.0000  |  val: 0.0001
Epoch   87/100  --  data: 0.0000  |  val: 0.0001
Epoch   88/100  --  data: 0.0000  |  val: 0.0001
Epoch   89/100  --  data: 0.0000  |  val: 0.0001
Epoch   90/100  --  data: 0.0000  |  val: 0.0001
Epoch   91/100  --  data: 0.0000  |  val: 0.0001
Epoch   92/100  --  data: 0.0000  |  val: 0.0001
Epoch   93/100  --  data: 0.0000  |  val: 0.0001
Epoch   94/100  --  data: 0.0000  |  val: 0.0001
Epoch   95/100  --  data: 0.0000  |  val: 0.0001
Epoch   96/100  --  data: 0.0000  |  val: 0.0001
Epoch   97/100  --  data: 0.0000  |  val: 0.0001
Epoch   98/100  --  data: 0.0000  |  val: 0.0001
Epoch   99/100  --  data: 0.0000  |  val: 0.0001
Epoch  100/100  --  data: 0.0000  |  val: 0.0001
Best model reloaded -- minimum val: 0.000054
[mem] after training: 20.09 Go
[mem] after evaluate_one_step: 20.20 Go
[mem] after rollout + benchmark: 20.20 Go
Done -- outputs in /home/aph25/Code_GH/runs/p4_cnn
RUN DONE: configs/runs/p4_cnn.yaml
