=== beamsurrogate [run] run_id=p7_dataset_medium_arch_256_128_32_pinn_0.01 model=mlp regime=pushforward stabilizer=none dataset=medium features=['U'] ===
[mem] start: 0.58 Go
Loaded 2000 trajectories from /home/aph25/Code_GH/data/beam_dataset_medium.h5
Split distribution (from dataset):
  train : 1817 simulations (90.8 %)
  val   :   84 simulations (4.2 %)
  test  :   99 simulations (5.0 %)
[mem] after load_hdf5_dataset: 28.96 Go
[mem] after compute_norm_stats: 28.96 Go
MLP(
  (net): Sequential(
    (0): Linear(in_features=69, out_features=256, bias=True)
    (1): GELU(approximate='none')
    (2): Linear(in_features=256, out_features=128, bias=True)
    (3): GELU(approximate='none')
    (4): Linear(in_features=128, out_features=32, bias=True)
    (5): GELU(approximate='none')
    (6): Linear(in_features=32, out_features=2, bias=True)
  )
)
Parameters: 55,010
[mem] after make_dataloaders: 54.62 Go
[mem] after trimming df to test split: 28.18 Go
Epoch    1/100  --  data: 0.0333  |  pushforward: 1.0515  |  physics: 0.0905  |  L2 rel error (val): 1.2654
Epoch    2/100  --  data: 0.0157  |  pushforward: 0.4685  |  physics: 0.0270  |  L2 rel error (val): 0.9135
Epoch    3/100  --  data: 0.0147  |  pushforward: 0.3976  |  physics: 0.0240  |  L2 rel error (val): 0.8659
Epoch    4/100  --  data: 0.0132  |  pushforward: 0.3226  |  physics: 0.0238  |  L2 rel error (val): 0.8534
Epoch    5/100  --  data: 0.0119  |  pushforward: 0.2689  |  physics: 0.0214  |  L2 rel error (val): 0.8749
Epoch    6/100  --  data: 0.0109  |  pushforward: 0.2178  |  physics: 0.0208  |  L2 rel error (val): 0.8391
Epoch    7/100  --  data: 0.0103  |  pushforward: 0.1988  |  physics: 0.0194  |  L2 rel error (val): 0.8899
Epoch    8/100  --  data: 0.0087  |  pushforward: 0.1650  |  physics: 0.0179  |  L2 rel error (val): 0.8328
Epoch    9/100  --  data: 0.0085  |  pushforward: 0.1551  |  physics: 0.0182  |  L2 rel error (val): 0.8514
Epoch   10/100  --  data: 0.0077  |  pushforward: 0.1324  |  physics: 0.0170  |  L2 rel error (val): 0.8512
Epoch   11/100  --  data: 0.0073  |  pushforward: 0.1266  |  physics: 0.0168  |  L2 rel error (val): 0.8340
Epoch   12/100  --  data: 0.0072  |  pushforward: 0.1223  |  physics: 0.0164  |  L2 rel error (val): 0.8765
Epoch   13/100  --  data: 0.0075  |  pushforward: 0.1218  |  physics: 0.0159  |  L2 rel error (val): 0.8495
Epoch   14/100  --  data: 0.0063  |  pushforward: 0.1000  |  physics: 0.0143  |  L2 rel error (val): 0.8302
Epoch   15/100  --  data: 0.0066  |  pushforward: 0.1098  |  physics: 0.0148  |  L2 rel error (val): 0.8356
Epoch   16/100  --  data: 0.0057  |  pushforward: 0.0854  |  physics: 0.0136  |  L2 rel error (val): 0.8479
Epoch   17/100  --  data: 0.0054  |  pushforward: 0.0780  |  physics: 0.0135  |  L2 rel error (val): 0.8290
Epoch   18/100  --  data: 0.0055  |  pushforward: 0.0831  |  physics: 0.0131  |  L2 rel error (val): 0.8272
Epoch   19/100  --  data: 0.0055  |  pushforward: 0.0818  |  physics: 0.0131  |  L2 rel error (val): 0.8270
Epoch   20/100  --  data: 0.0051  |  pushforward: 0.0716  |  physics: 0.0128  |  L2 rel error (val): 0.8243
Epoch   21/100  --  data: 0.0049  |  pushforward: 0.0718  |  physics: 0.0122  |  L2 rel error (val): 0.8262
Epoch   22/100  --  data: 0.0050  |  pushforward: 0.0717  |  physics: 0.0122  |  L2 rel error (val): 0.8308
Epoch   23/100  --  data: 0.0050  |  pushforward: 0.0714  |  physics: 0.0123  |  L2 rel error (val): 0.8298
Epoch   24/100  --  data: 0.0049  |  pushforward: 0.0693  |  physics: 0.0119  |  L2 rel error (val): 0.8285
Epoch   25/100  --  data: 0.0046  |  pushforward: 0.0631  |  physics: 0.0115  |  L2 rel error (val): 0.8254
Epoch   26/100  --  data: 0.0045  |  pushforward: 0.0609  |  physics: 0.0116  |  L2 rel error (val): 0.8292
Epoch   27/100  --  data: 0.0051  |  pushforward: 0.0749  |  physics: 0.0121  |  L2 rel error (val): 0.8213
Epoch   28/100  --  data: 0.0045  |  pushforward: 0.0606  |  physics: 0.0112  |  L2 rel error (val): 0.8281
Epoch   29/100  --  data: 0.0048  |  pushforward: 0.0692  |  physics: 0.0117  |  L2 rel error (val): 0.8263
Epoch   30/100  --  data: 0.0044  |  pushforward: 0.0585  |  physics: 0.0109  |  L2 rel error (val): 0.8261
Epoch   31/100  --  data: 0.0042  |  pushforward: 0.0569  |  physics: 0.0109  |  L2 rel error (val): 0.8278
Epoch   32/100  --  data: 0.0043  |  pushforward: 0.0570  |  physics: 0.0109  |  L2 rel error (val): 0.8272
Epoch   33/100  --  data: 0.0043  |  pushforward: 0.0577  |  physics: 0.0109  |  L2 rel error (val): 0.8308
Epoch   34/100  --  data: 0.0044  |  pushforward: 0.0608  |  physics: 0.0107  |  L2 rel error (val): 0.8281
Epoch   35/100  --  data: 0.0041  |  pushforward: 0.0516  |  physics: 0.0102  |  L2 rel error (val): 0.8341
Epoch   36/100  --  data: 0.0041  |  pushforward: 0.0533  |  physics: 0.0104  |  L2 rel error (val): 0.8310
Epoch   37/100  --  data: 0.0041  |  pushforward: 0.0525  |  physics: 0.0104  |  L2 rel error (val): 0.8560
Epoch   38/100  --  data: 0.0044  |  pushforward: 0.0589  |  physics: 0.0105  |  L2 rel error (val): 0.8218
Epoch   39/100  --  data: 0.0041  |  pushforward: 0.0549  |  physics: 0.0102  |  L2 rel error (val): 0.8248
Epoch   40/100  --  data: 0.0044  |  pushforward: 0.0605  |  physics: 0.0107  |  L2 rel error (val): 0.8222
Epoch   41/100  --  data: 0.0043  |  pushforward: 0.0597  |  physics: 0.0106  |  L2 rel error (val): 0.8975
Epoch   42/100  --  data: 0.0042  |  pushforward: 0.0533  |  physics: 0.0106  |  L2 rel error (val): 0.8212
Epoch   43/100  --  data: 0.0041  |  pushforward: 0.0565  |  physics: 0.0102  |  L2 rel error (val): 0.8250
Epoch   44/100  --  data: 0.0040  |  pushforward: 0.0504  |  physics: 0.0100  |  L2 rel error (val): 0.8215
Epoch   45/100  --  data: 0.0038  |  pushforward: 0.0487  |  physics: 0.0096  |  L2 rel error (val): 0.8216
Epoch   46/100  --  data: 0.0040  |  pushforward: 0.0524  |  physics: 0.0101  |  L2 rel error (val): 0.8285
Epoch   47/100  --  data: 0.0037  |  pushforward: 0.0451  |  physics: 0.0095  |  L2 rel error (val): 0.8273
Epoch   48/100  --  data: 0.0040  |  pushforward: 0.0551  |  physics: 0.0100  |  L2 rel error (val): 0.8466
Epoch   49/100  --  data: 0.0039  |  pushforward: 0.0496  |  physics: 0.0095  |  L2 rel error (val): 0.8266
Epoch   50/100  --  data: 0.0038  |  pushforward: 0.0498  |  physics: 0.0095  |  L2 rel error (val): 0.8272
Epoch   51/100  --  data: 0.0039  |  pushforward: 0.0510  |  physics: 0.0096  |  L2 rel error (val): 0.8230
Epoch   52/100  --  data: 0.0038  |  pushforward: 0.0473  |  physics: 0.0093  |  L2 rel error (val): 0.8246
Epoch   53/100  --  data: 0.0038  |  pushforward: 0.0527  |  physics: 0.0096  |  L2 rel error (val): 0.9208
Epoch   54/100  --  data: 0.0036  |  pushforward: 0.0436  |  physics: 0.0090  |  L2 rel error (val): 0.8217
Epoch   55/100  --  data: 0.0035  |  pushforward: 0.0441  |  physics: 0.0090  |  L2 rel error (val): 0.8326
Epoch   56/100  --  data: 0.0039  |  pushforward: 0.0513  |  physics: 0.0095  |  L2 rel error (val): 0.8251
Epoch   57/100  --  data: 0.0039  |  pushforward: 0.0493  |  physics: 0.0095  |  L2 rel error (val): 0.8303
Early stopping at epoch 57: val loss hasn't improved for 15 epochs (best=0.821170).
Best model reloaded -- minimum L2 rel error (val): 0.821170
[mem] after training: 28.96 Go
[mem] after evaluate_one_step: 29.04 Go
[mem] after rollout + benchmark: 29.04 Go
Done -- outputs in /home/aph25/Code_GH/runs/p7_dataset_medium_arch_256_128_32_pinn_0.01
RUN DONE: configs/runs/p7_dataset_medium_arch_256_128_32_pinn_0.01.yaml
