=== beamsurrogate [run] run_id=p12_arch_ridge model=mlp regime=pushforward stabilizer=none dataset=simple features=['U'] ===
[mem] start: 0.58 Go
Loaded 2000 trajectories from /home/aph25/Code_GH/data/beam_dataset_simple.h5
Split distribution (from dataset):
  train : 1817 simulations (90.8 %)
  val   :   84 simulations (4.2 %)
  test  :   99 simulations (5.0 %)
[mem] after load_hdf5_dataset: 28.96 Go
[mem] after compute_norm_stats: 28.96 Go
MLP(
  (net): Sequential(
    (0): Linear(in_features=69, out_features=2, bias=True)
  )
)
Parameters: 140
[mem] after make_dataloaders: 54.62 Go
[mem] after trimming df to test split: 28.18 Go
Epoch    1/100  --  data: 0.0621  |  pushforward: 0.9516  |  physics: 0.2458  |  L2 rel error (val): 0.9061
Epoch    2/100  --  data: 0.0404  |  pushforward: 0.4308  |  physics: 0.1751  |  L2 rel error (val): 0.9077
Epoch    3/100  --  data: 0.0372  |  pushforward: 0.3575  |  physics: 0.1370  |  L2 rel error (val): 0.8649
Epoch    4/100  --  data: 0.0354  |  pushforward: 0.3132  |  physics: 0.1156  |  L2 rel error (val): 0.9655
Epoch    5/100  --  data: 0.0345  |  pushforward: 0.2895  |  physics: 0.1057  |  L2 rel error (val): 0.8847
Epoch    6/100  --  data: 0.0337  |  pushforward: 0.2709  |  physics: 0.0960  |  L2 rel error (val): 0.9211
Epoch    7/100  --  data: 0.0327  |  pushforward: 0.2500  |  physics: 0.0894  |  L2 rel error (val): 3.0075
Epoch    8/100  --  data: 0.0317  |  pushforward: 0.2342  |  physics: 0.0832  |  L2 rel error (val): 37.9361
Epoch    9/100  --  data: 0.0308  |  pushforward: 0.2316  |  physics: 0.0796  |  L2 rel error (val): 203.6542
Epoch   10/100  --  data: 0.0300  |  pushforward: 0.2169  |  physics: 0.0758  |  L2 rel error (val): 1058.5088
Epoch   11/100  --  data: 0.0292  |  pushforward: 0.2140  |  physics: 0.0720  |  L2 rel error (val): 3672.2644
Epoch   12/100  --  data: 0.0284  |  pushforward: 0.2063  |  physics: 0.0690  |  L2 rel error (val): 12026.7479
Epoch   13/100  --  data: 0.0279  |  pushforward: 0.2026  |  physics: 0.0661  |  L2 rel error (val): 20386.7791
Epoch   14/100  --  data: 0.0273  |  pushforward: 0.2034  |  physics: 0.0636  |  L2 rel error (val): 43193.5487
Epoch   15/100  --  data: 0.0268  |  pushforward: 0.2008  |  physics: 0.0631  |  L2 rel error (val): 126970.4362
Epoch   16/100  --  data: 0.0264  |  pushforward: 0.1972  |  physics: 0.0609  |  L2 rel error (val): 109871.2334
Epoch   17/100  --  data: 0.0259  |  pushforward: 0.1973  |  physics: 0.0585  |  L2 rel error (val): 114834.8560
Epoch   18/100  --  data: 0.0256  |  pushforward: 0.2022  |  physics: 0.0581  |  L2 rel error (val): 146810.3034
Early stopping at epoch 18: val loss hasn't improved for 15 epochs (best=0.864872).
Best model reloaded -- minimum L2 rel error (val): 0.864872
[mem] after training: 28.32 Go
[mem] after evaluate_one_step: 28.42 Go
[mem] after rollout + benchmark: 28.42 Go
Done -- outputs in /home/aph25/Code_GH/runs/p12_arch_ridge
RUN DONE: configs/runs/p12_arch_ridge.yaml
