=== beamsurrogate [run] run_id=p10_both_bias_off model=mlp regime=pushforward stabilizer=both dataset=simple features=['U'] ===
[mem] start: 0.58 Go
Loaded 2000 trajectories from /home/aph25/Code_GH/data/beam_dataset_simple.h5
Split distribution (from dataset):
  train : 1817 simulations (90.8 %)
  val   :   84 simulations (4.2 %)
  test  :   99 simulations (5.0 %)
[mem] after load_hdf5_dataset: 20.61 Go
[mem] after compute_norm_stats: 20.61 Go
MLP(
  (net): Sequential(
    (0): Linear(in_features=46, out_features=512, bias=True)
    (1): GELU(approximate='none')
    (2): Linear(in_features=512, out_features=256, bias=True)
    (3): GELU(approximate='none')
    (4): Linear(in_features=256, out_features=64, bias=True)
    (5): GELU(approximate='none')
    (6): Linear(in_features=64, out_features=3, bias=True)
  )
)
Parameters: 172,035
[mem] after make_dataloaders: 38.33 Go
[mem] after trimming df to test split: 19.81 Go
Epoch    1/100  --  data: 0.0131  |  pushforward: 0.4078  |  physics: 0.0066  |  comparable loss (val): 0.0094
Epoch    2/100  --  data: 0.0089  |  pushforward: 0.2206  |  physics: 0.0036  |  comparable loss (val): 0.0283
Epoch    3/100  --  data: 0.0096  |  pushforward: 0.1977  |  physics: 0.0039  |  comparable loss (val): 0.4499
Epoch    4/100  --  data: 0.0096  |  pushforward: 0.1818  |  physics: 0.0041  |  comparable loss (val): 0.3397
Epoch    5/100  --  data: 0.0093  |  pushforward: 0.1582  |  physics: 0.0040  |  comparable loss (val): 0.0404
Epoch    6/100  --  data: 0.0081  |  pushforward: 0.1354  |  physics: 0.0036  |  comparable loss (val): 0.0617
Epoch    7/100  --  data: 0.0074  |  pushforward: 0.1238  |  physics: 0.0034  |  comparable loss (val): 0.0179
Epoch    8/100  --  data: 0.0068  |  pushforward: 0.1140  |  physics: 0.0033  |  comparable loss (val): 0.0664
Epoch    9/100  --  data: 0.0058  |  pushforward: 0.0992  |  physics: 0.0030  |  comparable loss (val): 0.0094
Epoch   10/100  --  data: 0.0059  |  pushforward: 0.0978  |  physics: 0.0030  |  comparable loss (val): 0.0883
Epoch   11/100  --  data: 0.0054  |  pushforward: 0.0890  |  physics: 0.0028  |  comparable loss (val): 0.0517
Epoch   12/100  --  data: 0.0049  |  pushforward: 0.0790  |  physics: 0.0026  |  comparable loss (val): 0.0529
Epoch   13/100  --  data: 0.0046  |  pushforward: 0.0737  |  physics: 0.0025  |  comparable loss (val): 0.0574
Epoch   14/100  --  data: 0.0045  |  pushforward: 0.0734  |  physics: 0.0025  |  comparable loss (val): 0.0714
Epoch   15/100  --  data: 0.0043  |  pushforward: 0.0681  |  physics: 0.0023  |  comparable loss (val): 0.0214
Epoch   16/100  --  data: 0.0043  |  pushforward: 0.0695  |  physics: 0.0024  |  comparable loss (val): 0.0066
Epoch   17/100  --  data: 0.0041  |  pushforward: 0.0664  |  physics: 0.0024  |  comparable loss (val): 0.0790
Epoch   18/100  --  data: 0.0040  |  pushforward: 0.0639  |  physics: 0.0023  |  comparable loss (val): 0.0332
Epoch   19/100  --  data: 0.0038  |  pushforward: 0.0605  |  physics: 0.0022  |  comparable loss (val): 0.0547
Epoch   20/100  --  data: 0.0036  |  pushforward: 0.0565  |  physics: 0.0021  |  comparable loss (val): 0.0105
Epoch   21/100  --  data: 0.0037  |  pushforward: 0.0599  |  physics: 0.0021  |  comparable loss (val): 0.0675
Epoch   22/100  --  data: 0.0037  |  pushforward: 0.0579  |  physics: 0.0021  |  comparable loss (val): 0.0132
Epoch   23/100  --  data: 0.0034  |  pushforward: 0.0539  |  physics: 0.0020  |  comparable loss (val): 0.0064
Epoch   24/100  --  data: 0.0034  |  pushforward: 0.0547  |  physics: 0.0020  |  comparable loss (val): 0.0643
Epoch   25/100  --  data: 0.0034  |  pushforward: 0.0561  |  physics: 0.0022  |  comparable loss (val): 0.0303
Epoch   26/100  --  data: 0.0033  |  pushforward: 0.0538  |  physics: 0.0020  |  comparable loss (val): 0.0685
Epoch   27/100  --  data: 0.0031  |  pushforward: 0.0491  |  physics: 0.0018  |  comparable loss (val): 0.0131
Epoch   28/100  --  data: 0.0030  |  pushforward: 0.0481  |  physics: 0.0019  |  comparable loss (val): 0.0518
Epoch   29/100  --  data: 0.0030  |  pushforward: 0.0480  |  physics: 0.0018  |  comparable loss (val): 0.0183
Epoch   30/100  --  data: 0.0030  |  pushforward: 0.0474  |  physics: 0.0018  |  comparable loss (val): 0.3308
Epoch   31/100  --  data: 0.0028  |  pushforward: 0.0442  |  physics: 0.0017  |  comparable loss (val): 0.0067
Epoch   32/100  --  data: 0.0032  |  pushforward: 0.0490  |  physics: 0.0020  |  comparable loss (val): 0.0297
Epoch   33/100  --  data: 0.0029  |  pushforward: 0.0442  |  physics: 0.0017  |  comparable loss (val): 0.0637
Epoch   34/100  --  data: 0.0184  |  pushforward: 5446.6804  |  physics: 741.0733  |  comparable loss (val): 0.0838
Epoch   35/100  --  data: 0.0072  |  pushforward: 0.0743  |  physics: 0.0055  |  comparable loss (val): 0.3395
Epoch   36/100  --  data: 0.0042  |  pushforward: 0.0597  |  physics: 0.0025  |  comparable loss (val): 0.0296
Epoch   37/100  --  data: 0.0033  |  pushforward: 0.0499  |  physics: 0.0020  |  comparable loss (val): 0.0507
Epoch   38/100  --  data: 0.0031  |  pushforward: 0.0481  |  physics: 0.0020  |  comparable loss (val): 0.1094
Early stopping at epoch 38: val loss hasn't improved for 15 epochs (best=0.006374).
Best model reloaded -- minimum comparable loss (val): 0.006374
[mem] after training: 20.16 Go
[mem] after evaluate_one_step: 20.27 Go
[mem] after rollout + benchmark: 20.27 Go
Done -- outputs in runs/p10_stabilisation_strategies/p10_both_bias_off
RUN DONE: runs/p10_stabilisation_strategies/p10_both_bias_off/config.yaml
