=== beamsurrogate [run] run_id=p10_both_bias_off model=mlp regime=pushforward stabilizer=both dataset=simple features=['U'] ===
[mem] start: 0.58 Go
Loaded 2000 trajectories from /home/aph25/Code_GH/data/beam_dataset_simple.h5
Split distribution (from dataset):
  train : 1817 simulations (90.8 %)
  val   :   84 simulations (4.2 %)
  test  :   99 simulations (5.0 %)
[mem] after load_hdf5_dataset: 20.61 Go
[mem] after compute_norm_stats: 20.61 Go
MLP(
  (net): Sequential(
    (0): Linear(in_features=46, out_features=512, bias=True)
    (1): GELU(approximate='none')
    (2): Linear(in_features=512, out_features=256, bias=True)
    (3): GELU(approximate='none')
    (4): Linear(in_features=256, out_features=64, bias=True)
    (5): GELU(approximate='none')
    (6): Linear(in_features=64, out_features=3, bias=True)
  )
)
Parameters: 172,035
[mem] after make_dataloaders: 38.33 Go
[mem] after trimming df to test split: 19.81 Go
Epoch    1/100  --  data: 0.0236  |  pushforward: 0.4360  |  physics: 0.0075  |  comparable loss (val): 0.0153
Epoch    2/100  --  data: 0.0178  |  pushforward: 0.2339  |  physics: 0.0046  |  comparable loss (val): 0.1925
Epoch    3/100  --  data: 0.0182  |  pushforward: 0.2104  |  physics: 0.0045  |  comparable loss (val): 0.0927
Epoch    4/100  --  data: 0.0181  |  pushforward: 0.1853  |  physics: 0.0043  |  comparable loss (val): 0.1076
Epoch    5/100  --  data: 0.0186  |  pushforward: 0.1767  |  physics: 0.0044  |  comparable loss (val): 0.3138
Epoch    6/100  --  data: 0.0178  |  pushforward: 0.1553  |  physics: 0.0040  |  comparable loss (val): 0.0817
Epoch    7/100  --  data: 0.0172  |  pushforward: 0.1417  |  physics: 0.0038  |  comparable loss (val): 0.0541
Epoch    8/100  --  data: 0.0166  |  pushforward: 0.1313  |  physics: 0.0037  |  comparable loss (val): 0.1494
Epoch    9/100  --  data: 0.0161  |  pushforward: 0.1232  |  physics: 0.0036  |  comparable loss (val): 0.0299
Epoch   10/100  --  data: 0.0157  |  pushforward: 0.1159  |  physics: 0.0035  |  comparable loss (val): 0.0632
Epoch   11/100  --  data: 0.0153  |  pushforward: 0.1069  |  physics: 0.0033  |  comparable loss (val): 0.0883
Epoch   12/100  --  data: 0.0151  |  pushforward: 0.1055  |  physics: 0.0034  |  comparable loss (val): 0.0448
Epoch   13/100  --  data: 0.0148  |  pushforward: 0.1015  |  physics: 0.0032  |  comparable loss (val): 0.1338
Epoch   14/100  --  data: 0.0143  |  pushforward: 0.0928  |  physics: 0.0030  |  comparable loss (val): 0.3266
Epoch   15/100  --  data: 0.0144  |  pushforward: 0.0951  |  physics: 0.0031  |  comparable loss (val): 0.0481
Epoch   16/100  --  data: 0.0142  |  pushforward: 0.0936  |  physics: 0.0030  |  comparable loss (val): 0.0085
Epoch   17/100  --  data: 0.0138  |  pushforward: 0.0845  |  physics: 0.0029  |  comparable loss (val): 0.0683
Epoch   18/100  --  data: 0.0137  |  pushforward: 0.0845  |  physics: 0.0029  |  comparable loss (val): 0.0591
Epoch   19/100  --  data: 0.0137  |  pushforward: 0.0843  |  physics: 0.0029  |  comparable loss (val): 0.0577
Epoch   20/100  --  data: 0.0135  |  pushforward: 0.0792  |  physics: 0.0028  |  comparable loss (val): 0.0573
Epoch   21/100  --  data: 0.0135  |  pushforward: 0.0799  |  physics: 0.0028  |  comparable loss (val): 0.0609
Epoch   22/100  --  data: 0.0132  |  pushforward: 0.0732  |  physics: 0.0027  |  comparable loss (val): 0.0841
Epoch   23/100  --  data: 0.0132  |  pushforward: 0.0750  |  physics: 0.0028  |  comparable loss (val): 0.0081
Epoch   24/100  --  data: 0.0131  |  pushforward: 0.0745  |  physics: 0.0027  |  comparable loss (val): 0.0654
Epoch   25/100  --  data: 0.0130  |  pushforward: 0.0716  |  physics: 0.0028  |  comparable loss (val): 0.1101
Epoch   26/100  --  data: 0.0129  |  pushforward: 0.0700  |  physics: 0.0027  |  comparable loss (val): 0.0180
Epoch   27/100  --  data: 0.0127  |  pushforward: 0.0662  |  physics: 0.0026  |  comparable loss (val): 0.0191
Epoch   28/100  --  data: 0.0128  |  pushforward: 0.0700  |  physics: 0.0027  |  comparable loss (val): 0.1015
Epoch   29/100  --  data: 0.0126  |  pushforward: 0.0662  |  physics: 0.0025  |  comparable loss (val): 0.0647
Epoch   30/100  --  data: 0.0129  |  pushforward: 0.0709  |  physics: 0.0027  |  comparable loss (val): 0.0614
Epoch   31/100  --  data: 0.0125  |  pushforward: 0.0649  |  physics: 0.0025  |  comparable loss (val): 0.0099
Epoch   32/100  --  data: 0.0125  |  pushforward: 0.0644  |  physics: 0.0026  |  comparable loss (val): 0.0433
Epoch   33/100  --  data: 0.0125  |  pushforward: 0.0640  |  physics: 0.0026  |  comparable loss (val): 0.1191
Epoch   34/100  --  data: 0.0124  |  pushforward: 0.0626  |  physics: 0.0025  |  comparable loss (val): 0.0283
Epoch   35/100  --  data: 0.0127  |  pushforward: 0.0672  |  physics: 0.0027  |  comparable loss (val): 0.1261
Epoch   36/100  --  data: 0.0122  |  pushforward: 0.0601  |  physics: 0.0024  |  comparable loss (val): 0.0599
Epoch   37/100  --  data: 0.0122  |  pushforward: 0.0596  |  physics: 0.0025  |  comparable loss (val): 0.0356
Epoch   38/100  --  data: 0.0123  |  pushforward: 0.0611  |  physics: 0.0025  |  comparable loss (val): 0.0865
Early stopping at epoch 38: val loss hasn't improved for 15 epochs (best=0.008101).
Best model reloaded -- minimum comparable loss (val): 0.008101
[mem] after training: 20.15 Go
[mem] after evaluate_one_step: 20.26 Go
[mem] after rollout + benchmark: 20.26 Go
Done -- outputs in runs/p10_stabilisation_strategies/p10_both_bias_off
RUN DONE: runs/p10_stabilisation_strategies/p10_both_bias_off/config.yaml
