=== beamsurrogate [run] run_id=p6_dataset_simple model=mlp regime=pushforward stabilizer=none dataset=simple features=['U'] ===
[mem] start: 0.58 Go
Loaded 2000 trajectories from /home/aph25/Code_GH/data/beam_dataset_simple.h5
Split distribution (from dataset):
  train : 1817 simulations (90.8 %)
  val   :   84 simulations (4.2 %)
  test  :   99 simulations (5.0 %)
[mem] after load_hdf5_dataset: 28.96 Go
[mem] after compute_norm_stats: 28.96 Go
MLP(
  (net): Sequential(
    (0): Linear(in_features=69, out_features=256, bias=True)
    (1): GELU(approximate='none')
    (2): Linear(in_features=256, out_features=128, bias=True)
    (3): GELU(approximate='none')
    (4): Linear(in_features=128, out_features=32, bias=True)
    (5): GELU(approximate='none')
    (6): Linear(in_features=32, out_features=2, bias=True)
  )
)
Parameters: 55,010
[mem] after make_dataloaders: 54.62 Go
[mem] after trimming df to test split: 28.18 Go
Epoch    1/80  --  data: 0.0152  |  pushforward: 0.4233  |  physics: 0.0489  |  comparable loss (val): 0.0102
Epoch    2/80  --  data: 0.0047  |  pushforward: 0.1350  |  physics: 0.0100  |  comparable loss (val): 0.0325
Epoch    3/80  --  data: 0.0043  |  pushforward: 0.1087  |  physics: 0.0094  |  comparable loss (val): 0.4008
Epoch    4/80  --  data: 0.0041  |  pushforward: 0.0942  |  physics: 0.0093  |  comparable loss (val): 0.0470
Epoch    5/80  --  data: 0.0043  |  pushforward: 0.0922  |  physics: 0.0092  |  comparable loss (val): 0.1347
Epoch    6/80  --  data: 0.0040  |  pushforward: 0.0799  |  physics: 0.0088  |  comparable loss (val): 0.0891
Epoch    7/80  --  data: 0.0036  |  pushforward: 0.0667  |  physics: 0.0083  |  comparable loss (val): 0.0133
Epoch    8/80  --  data: 0.0030  |  pushforward: 0.0557  |  physics: 0.0076  |  comparable loss (val): 0.0240
Epoch    9/80  --  data: 0.0029  |  pushforward: 0.0524  |  physics: 0.0072  |  comparable loss (val): 0.0124
Epoch   10/80  --  data: 0.0028  |  pushforward: 0.0499  |  physics: 0.0070  |  comparable loss (val): 0.0278
Epoch   11/80  --  data: 0.0027  |  pushforward: 0.0478  |  physics: 0.0068  |  comparable loss (val): 0.0454
Epoch   12/80  --  data: 0.0026  |  pushforward: 0.0462  |  physics: 0.0066  |  comparable loss (val): 0.0174
Epoch   13/80  --  data: 0.0024  |  pushforward: 0.0397  |  physics: 0.0062  |  comparable loss (val): 0.0086
Epoch   14/80  --  data: 0.0024  |  pushforward: 0.0400  |  physics: 0.0063  |  comparable loss (val): 0.0460
Epoch   15/80  --  data: 0.0023  |  pushforward: 0.0386  |  physics: 0.0059  |  comparable loss (val): 0.0064
Epoch   16/80  --  data: 0.0023  |  pushforward: 0.0350  |  physics: 0.0058  |  comparable loss (val): 0.0018
Epoch   17/80  --  data: 0.0023  |  pushforward: 0.0354  |  physics: 0.0057  |  comparable loss (val): 0.0109
Epoch   18/80  --  data: 0.0020  |  pushforward: 0.0295  |  physics: 0.0052  |  comparable loss (val): 0.0137
Epoch   19/80  --  data: 0.0022  |  pushforward: 0.0327  |  physics: 0.0054  |  comparable loss (val): 0.0318
Epoch   20/80  --  data: 0.0020  |  pushforward: 0.0286  |  physics: 0.0050  |  comparable loss (val): 0.0083
Epoch   21/80  --  data: 0.0020  |  pushforward: 0.0296  |  physics: 0.0049  |  comparable loss (val): 0.0082
Epoch   22/80  --  data: 0.0019  |  pushforward: 0.0259  |  physics: 0.0047  |  comparable loss (val): 0.0187
Epoch   23/80  --  data: 0.0019  |  pushforward: 0.0257  |  physics: 0.0046  |  comparable loss (val): 0.0026
Epoch   24/80  --  data: 0.0019  |  pushforward: 0.0267  |  physics: 0.0046  |  comparable loss (val): 0.0148
Epoch   25/80  --  data: 0.0019  |  pushforward: 0.0266  |  physics: 0.0046  |  comparable loss (val): 0.0139
Epoch   26/80  --  data: 0.0018  |  pushforward: 0.0236  |  physics: 0.0043  |  comparable loss (val): 0.0082
Epoch   27/80  --  data: 0.0017  |  pushforward: 0.0223  |  physics: 0.0043  |  comparable loss (val): 0.0078
Epoch   28/80  --  data: 0.0019  |  pushforward: 0.0253  |  physics: 0.0046  |  comparable loss (val): 0.0706
Epoch   29/80  --  data: 0.0017  |  pushforward: 0.0226  |  physics: 0.0041  |  comparable loss (val): 0.0339
Epoch   30/80  --  data: 0.0017  |  pushforward: 0.0216  |  physics: 0.0040  |  comparable loss (val): 0.0524
Epoch   31/80  --  data: 0.0017  |  pushforward: 0.0224  |  physics: 0.0041  |  comparable loss (val): 0.0066
Epoch   32/80  --  data: 0.0016  |  pushforward: 0.0198  |  physics: 0.0039  |  comparable loss (val): 0.0096
Epoch   33/80  --  data: 0.0017  |  pushforward: 0.0219  |  physics: 0.0041  |  comparable loss (val): 0.0156
Epoch   34/80  --  data: 0.0017  |  pushforward: 0.0223  |  physics: 0.0040  |  comparable loss (val): 0.0038
Epoch   35/80  --  data: 0.0016  |  pushforward: 0.0199  |  physics: 0.0037  |  comparable loss (val): 0.0732
Epoch   36/80  --  data: 0.0016  |  pushforward: 0.0202  |  physics: 0.0038  |  comparable loss (val): 0.0221
Epoch   37/80  --  data: 0.0017  |  pushforward: 0.0212  |  physics: 0.0039  |  comparable loss (val): 0.0122
Epoch   38/80  --  data: 0.0015  |  pushforward: 0.0184  |  physics: 0.0036  |  comparable loss (val): 0.0487
Epoch   39/80  --  data: 0.0016  |  pushforward: 0.0193  |  physics: 0.0038  |  comparable loss (val): 0.0134
Epoch   40/80  --  data: 0.0014  |  pushforward: 0.0171  |  physics: 0.0034  |  comparable loss (val): 0.0106
Epoch   41/80  --  data: 0.0016  |  pushforward: 0.0193  |  physics: 0.0036  |  comparable loss (val): 0.0608
Epoch   42/80  --  data: 0.0015  |  pushforward: 0.0178  |  physics: 0.0036  |  comparable loss (val): 0.0496
Epoch   43/80  --  data: 0.0015  |  pushforward: 0.0178  |  physics: 0.0034  |  comparable loss (val): 0.0190
Epoch   44/80  --  data: 0.0014  |  pushforward: 0.0171  |  physics: 0.0036  |  comparable loss (val): 0.0049
Epoch   45/80  --  data: 0.0014  |  pushforward: 0.0174  |  physics: 0.0034  |  comparable loss (val): 0.0209
Epoch   46/80  --  data: 0.0014  |  pushforward: 0.0167  |  physics: 0.0033  |  comparable loss (val): 0.0073
Epoch   47/80  --  data: 0.0016  |  pushforward: 0.0192  |  physics: 0.0043  |  comparable loss (val): 0.0114
Epoch   48/80  --  data: 0.0014  |  pushforward: 0.0158  |  physics: 0.0032  |  comparable loss (val): 0.0064
Epoch   49/80  --  data: 0.0013  |  pushforward: 0.0146  |  physics: 0.0031  |  comparable loss (val): 0.0026
Epoch   50/80  --  data: 0.0014  |  pushforward: 0.0153  |  physics: 0.0032  |  comparable loss (val): 0.0118
Epoch   51/80  --  data: 0.0013  |  pushforward: 0.0147  |  physics: 0.0031  |  comparable loss (val): 0.0072
Epoch   52/80  --  data: 0.0013  |  pushforward: 0.0152  |  physics: 0.0031  |  comparable loss (val): 0.0141
Epoch   53/80  --  data: 0.0013  |  pushforward: 0.0140  |  physics: 0.0031  |  comparable loss (val): 0.0064
Epoch   54/80  --  data: 0.0014  |  pushforward: 0.0160  |  physics: 0.0034  |  comparable loss (val): 0.0107
Epoch   55/80  --  data: 0.0012  |  pushforward: 0.0137  |  physics: 0.0029  |  comparable loss (val): 0.0112
Epoch   56/80  --  data: 0.0012  |  pushforward: 0.0127  |  physics: 0.0028  |  comparable loss (val): 0.0596
Epoch   57/80  --  data: 0.0012  |  pushforward: 0.0128  |  physics: 0.0028  |  comparable loss (val): 0.0116
Epoch   58/80  --  data: 0.0012  |  pushforward: 0.0132  |  physics: 0.0028  |  comparable loss (val): 0.0061
Epoch   59/80  --  data: 0.0014  |  pushforward: 0.0141  |  physics: 0.0032  |  comparable loss (val): 0.0293
Epoch   60/80  --  data: 0.0011  |  pushforward: 0.0120  |  physics: 0.0026  |  comparable loss (val): 0.0077
Epoch   61/80  --  data: 0.0012  |  pushforward: 0.0124  |  physics: 0.0029  |  comparable loss (val): 0.0016
Epoch   62/80  --  data: 0.0012  |  pushforward: 0.0124  |  physics: 0.0026  |  comparable loss (val): 0.0055
Epoch   63/80  --  data: 0.0012  |  pushforward: 0.0136  |  physics: 0.0029  |  comparable loss (val): 0.0116
Epoch   64/80  --  data: 0.0011  |  pushforward: 0.0117  |  physics: 0.0026  |  comparable loss (val): 0.0495
Epoch   65/80  --  data: 0.0011  |  pushforward: 0.0121  |  physics: 0.0026  |  comparable loss (val): 0.0056
Epoch   66/80  --  data: 0.0011  |  pushforward: 0.0124  |  physics: 0.0027  |  comparable loss (val): 0.0035
Epoch   67/80  --  data: 0.0014  |  pushforward: 0.0169  |  physics: 0.0036  |  comparable loss (val): 0.0017
Epoch   68/80  --  data: 0.0010  |  pushforward: 0.0104  |  physics: 0.0023  |  comparable loss (val): 0.0007
Epoch   69/80  --  data: 0.0012  |  pushforward: 0.0119  |  physics: 0.0027  |  comparable loss (val): 0.0027
Epoch   70/80  --  data: 0.0011  |  pushforward: 0.0110  |  physics: 0.0024  |  comparable loss (val): 0.0217
Epoch   71/80  --  data: 0.0011  |  pushforward: 0.0113  |  physics: 0.0024  |  comparable loss (val): 0.0049
Epoch   72/80  --  data: 0.0011  |  pushforward: 0.0113  |  physics: 0.0024  |  comparable loss (val): 0.0085
Epoch   73/80  --  data: 0.0012  |  pushforward: 0.0127  |  physics: 0.0028  |  comparable loss (val): 0.0056
Epoch   74/80  --  data: 0.0011  |  pushforward: 0.0112  |  physics: 0.0024  |  comparable loss (val): 0.0026
Epoch   75/80  --  data: 0.0011  |  pushforward: 0.0110  |  physics: 0.0024  |  comparable loss (val): 0.0045
Epoch   76/80  --  data: 0.0011  |  pushforward: 0.0108  |  physics: 0.0023  |  comparable loss (val): 0.0063
Epoch   77/80  --  data: 0.0010  |  pushforward: 0.0099  |  physics: 0.0023  |  comparable loss (val): 0.0022
Epoch   78/80  --  data: 0.0010  |  pushforward: 0.0104  |  physics: 0.0023  |  comparable loss (val): 0.0041
Epoch   79/80  --  data: 0.0010  |  pushforward: 0.0105  |  physics: 0.0023  |  comparable loss (val): 0.0151
Epoch   80/80  --  data: 0.0010  |  pushforward: 0.0098  |  physics: 0.0023  |  comparable loss (val): 0.0178
Best model reloaded -- minimum comparable loss (val): 0.000740
[mem] after training: 28.99 Go
[mem] after evaluate_one_step: 29.08 Go
[mem] after rollout + benchmark: 29.08 Go
Done -- outputs in runs/p6_performance_different_datasets/p6_dataset_simple
RUN DONE: runs/p6_performance_different_datasets/p6_dataset_simple/config.yaml
