=== beamsurrogate [run] run_id=p4_arch_256 model=mlp regime=pushforward stabilizer=none dataset=simple features=['U'] ===
[mem] start: 0.58 Go
Loaded 2000 trajectories from /home/aph25/Code_GH/data/beam_dataset_simple.h5
Split distribution (from dataset):
  train : 1817 simulations (90.8 %)
  val   :   84 simulations (4.2 %)
  test  :   99 simulations (5.0 %)
[mem] after load_hdf5_dataset: 28.96 Go
[mem] after compute_norm_stats: 28.96 Go
MLP(
  (net): Sequential(
    (0): Linear(in_features=69, out_features=256, bias=True)
    (1): GELU(approximate='none')
    (2): Linear(in_features=256, out_features=2, bias=True)
  )
)
Parameters: 18,434
[mem] after make_dataloaders: 54.62 Go
[mem] after trimming df to test split: 28.18 Go
Epoch    1/100  --  data: 0.0261  |  pushforward: 0.6901  |  physics: 0.0000  |  comparable loss (val): 0.0830
Epoch    2/100  --  data: 0.0196  |  pushforward: 0.5241  |  physics: 0.0000  |  comparable loss (val): 0.1520
Epoch    3/100  --  data: 0.0188  |  pushforward: 0.4375  |  physics: 0.0000  |  comparable loss (val): 1.2621
Epoch    4/100  --  data: 0.0229  |  pushforward: 0.3930  |  physics: 0.0000  |  comparable loss (val): 0.1765
Epoch    5/100  --  data: 0.0190  |  pushforward: 0.3251  |  physics: 0.0000  |  comparable loss (val): 0.1356
Epoch    6/100  --  data: 0.0178  |  pushforward: 0.2846  |  physics: 0.0000  |  comparable loss (val): 0.1592
Epoch    7/100  --  data: 0.0245  |  pushforward: 0.3220  |  physics: 0.0000  |  comparable loss (val): 0.0747
Epoch    8/100  --  data: 0.0174  |  pushforward: 0.2804  |  physics: 0.0000  |  comparable loss (val): 0.1225
Epoch    9/100  --  data: 0.0127  |  pushforward: 0.2068  |  physics: 0.0000  |  comparable loss (val): 0.0414
Epoch   10/100  --  data: 0.0136  |  pushforward: 0.2043  |  physics: 0.0000  |  comparable loss (val): 0.1892
Epoch   11/100  --  data: 0.0118  |  pushforward: 0.1815  |  physics: 0.0000  |  comparable loss (val): 0.1091
Epoch   12/100  --  data: 0.0111  |  pushforward: 0.1693  |  physics: 0.0000  |  comparable loss (val): 0.0838
Epoch   13/100  --  data: 0.0106  |  pushforward: 0.1566  |  physics: 0.0000  |  comparable loss (val): 0.0671
Epoch   14/100  --  data: 0.0156  |  pushforward: 0.2079  |  physics: 0.0000  |  comparable loss (val): 0.2809
Epoch   15/100  --  data: 0.0097  |  pushforward: 0.1365  |  physics: 0.0000  |  comparable loss (val): 0.0377
Epoch   16/100  --  data: 0.0324  |  pushforward: 0.2668  |  physics: 0.0000  |  comparable loss (val): 0.0225
Epoch   17/100  --  data: 0.0094  |  pushforward: 0.1306  |  physics: 0.0000  |  comparable loss (val): 0.0528
Epoch   18/100  --  data: 0.0096  |  pushforward: 0.1339  |  physics: 0.0000  |  comparable loss (val): 0.0563
Epoch   19/100  --  data: 0.0130  |  pushforward: 0.1668  |  physics: 0.0000  |  comparable loss (val): 0.2720
Epoch   20/100  --  data: 0.0089  |  pushforward: 0.1251  |  physics: 0.0000  |  comparable loss (val): 0.0536
Epoch   21/100  --  data: 0.0080  |  pushforward: 0.1097  |  physics: 0.0000  |  comparable loss (val): 0.1037
Epoch   22/100  --  data: 0.0145  |  pushforward: 0.1707  |  physics: 0.0000  |  comparable loss (val): 0.4743
Epoch   23/100  --  data: 0.0213  |  pushforward: 0.2143  |  physics: 0.0000  |  comparable loss (val): 0.0411
Epoch   24/100  --  data: 0.0093  |  pushforward: 0.1244  |  physics: 0.0000  |  comparable loss (val): 0.0544
Epoch   25/100  --  data: 0.0132  |  pushforward: 0.1611  |  physics: 0.0000  |  comparable loss (val): 0.1857
Epoch   26/100  --  data: 0.0091  |  pushforward: 0.1219  |  physics: 0.0000  |  comparable loss (val): 0.1289
Epoch   27/100  --  data: 0.0087  |  pushforward: 0.1160  |  physics: 0.0000  |  comparable loss (val): 0.0651
Epoch   28/100  --  data: 0.0087  |  pushforward: 0.1137  |  physics: 0.0000  |  comparable loss (val): 0.1637
Epoch   29/100  --  data: 0.0078  |  pushforward: 0.1038  |  physics: 0.0000  |  comparable loss (val): 0.1981
Epoch   30/100  --  data: 0.0096  |  pushforward: 0.1215  |  physics: 0.0000  |  comparable loss (val): 0.0472
Epoch   31/100  --  data: 0.0077  |  pushforward: 0.0996  |  physics: 0.0000  |  comparable loss (val): 0.0199
Epoch   32/100  --  data: 0.0100  |  pushforward: 0.1236  |  physics: 0.0000  |  comparable loss (val): 0.1345
Epoch   33/100  --  data: 0.0076  |  pushforward: 0.1000  |  physics: 0.0000  |  comparable loss (val): 0.4362
Epoch   34/100  --  data: 0.0076  |  pushforward: 0.0982  |  physics: 0.0000  |  comparable loss (val): 0.0603
Epoch   35/100  --  data: 0.0096  |  pushforward: 0.1185  |  physics: 0.0000  |  comparable loss (val): 0.0552
Epoch   36/100  --  data: 0.0101  |  pushforward: 0.1171  |  physics: 0.0000  |  comparable loss (val): 0.1590
Epoch   37/100  --  data: 0.0122  |  pushforward: 0.1363  |  physics: 0.0000  |  comparable loss (val): 0.0515
Epoch   38/100  --  data: 0.0076  |  pushforward: 0.0978  |  physics: 0.0000  |  comparable loss (val): 0.0696
Epoch   39/100  --  data: 0.0209  |  pushforward: 0.3226  |  physics: 0.0000  |  comparable loss (val): 0.0488
Epoch   40/100  --  data: 0.0090  |  pushforward: 0.1164  |  physics: 0.0000  |  comparable loss (val): 1.5451
Epoch   41/100  --  data: 0.0110  |  pushforward: 0.1343  |  physics: 0.0000  |  comparable loss (val): 0.0607
Epoch   42/100  --  data: 0.0108  |  pushforward: 0.1147  |  physics: 0.0000  |  comparable loss (val): 0.0975
Epoch   43/100  --  data: 0.0105  |  pushforward: 0.1302  |  physics: 0.0000  |  comparable loss (val): 0.0669
Epoch   44/100  --  data: 0.0067  |  pushforward: 0.0876  |  physics: 0.0000  |  comparable loss (val): 0.0343
Epoch   45/100  --  data: 0.0063  |  pushforward: 0.0823  |  physics: 0.0000  |  comparable loss (val): 0.0456
Epoch   46/100  --  data: 0.0082  |  pushforward: 0.1006  |  physics: 0.0000  |  comparable loss (val): 0.0875
Early stopping at epoch 46: val loss hasn't improved for 15 epochs (best=0.019893).
Best model reloaded -- minimum comparable loss (val): 0.019893
[mem] after training: 28.38 Go
[mem] after evaluate_one_step: 28.48 Go
[mem] after rollout + benchmark: 28.48 Go
Done -- outputs in runs/p4/p4_arch_256
RUN DONE: runs/p4/p4_arch_256/config.yaml
