=== beamsurrogate [run] run_id=p12_arch_256_16 model=mlp regime=pushforward stabilizer=none dataset=simple features=['U'] ===
[mem] start: 0.57 Go
Loaded 2000 trajectories from /home/aph25/Code_GH/data/beam_dataset_simple.h5
Split distribution (from dataset):
  train : 1817 simulations (90.8 %)
  val   :   84 simulations (4.2 %)
  test  :   99 simulations (5.0 %)
[mem] after load_hdf5_dataset: 28.95 Go
[mem] after compute_norm_stats: 28.96 Go
MLP(
  (net): Sequential(
    (0): Linear(in_features=69, out_features=256, bias=True)
    (1): GELU(approximate='none')
    (2): Linear(in_features=256, out_features=16, bias=True)
    (3): GELU(approximate='none')
    (4): Linear(in_features=16, out_features=2, bias=True)
  )
)
Parameters: 22,066
[mem] after make_dataloaders: 54.61 Go
[mem] after trimming df to test split: 28.17 Go
Epoch    1/100  --  data: 0.0269  |  pushforward: 0.7683  |  physics: 0.1223  |  L2 rel error (val): 2.1858
Epoch    2/100  --  data: 0.0079  |  pushforward: 0.1955  |  physics: 0.0198  |  L2 rel error (val): 0.8510
Epoch    3/100  --  data: 0.0063  |  pushforward: 0.1411  |  physics: 0.0146  |  L2 rel error (val): 0.9167
Epoch    4/100  --  data: 0.0058  |  pushforward: 0.1194  |  physics: 0.0124  |  L2 rel error (val): 0.8701
Epoch    5/100  --  data: 0.0056  |  pushforward: 0.1021  |  physics: 0.0119  |  L2 rel error (val): 0.8597
Epoch    6/100  --  data: 0.0047  |  pushforward: 0.0766  |  physics: 0.0101  |  L2 rel error (val): 0.8813
Epoch    7/100  --  data: 0.0044  |  pushforward: 0.0687  |  physics: 0.0093  |  L2 rel error (val): 0.8450
Epoch    8/100  --  data: 0.0041  |  pushforward: 0.0655  |  physics: 0.0085  |  L2 rel error (val): 0.8428
Epoch    9/100  --  data: 0.0036  |  pushforward: 0.0548  |  physics: 0.0079  |  L2 rel error (val): 0.8391
Epoch   10/100  --  data: 0.0035  |  pushforward: 0.0545  |  physics: 0.0077  |  L2 rel error (val): 0.8431
Epoch   11/100  --  data: 0.0036  |  pushforward: 0.0567  |  physics: 0.0076  |  L2 rel error (val): 1.0602
Epoch   12/100  --  data: 0.0032  |  pushforward: 0.0477  |  physics: 0.0071  |  L2 rel error (val): 0.8440
Epoch   13/100  --  data: 0.0031  |  pushforward: 0.0446  |  physics: 0.0068  |  L2 rel error (val): 0.8400
Epoch   14/100  --  data: 0.0029  |  pushforward: 0.0414  |  physics: 0.0065  |  L2 rel error (val): 12.0281
Epoch   15/100  --  data: 0.0027  |  pushforward: 0.0391  |  physics: 0.0063  |  L2 rel error (val): 0.9108
Epoch   16/100  --  data: 0.0028  |  pushforward: 0.0410  |  physics: 0.0062  |  L2 rel error (val): 0.8340
Epoch   17/100  --  data: 0.0028  |  pushforward: 0.0401  |  physics: 0.0060  |  L2 rel error (val): 7.3364
Epoch   18/100  --  data: 0.0026  |  pushforward: 0.0369  |  physics: 0.0057  |  L2 rel error (val): 3.5143
Epoch   19/100  --  data: 0.0026  |  pushforward: 0.0350  |  physics: 0.0057  |  L2 rel error (val): 0.8335
Epoch   20/100  --  data: 0.0026  |  pushforward: 0.0370  |  physics: 0.0056  |  L2 rel error (val): 0.9350
Epoch   21/100  --  data: 0.0026  |  pushforward: 0.0360  |  physics: 0.0056  |  L2 rel error (val): 4.0025
Epoch   22/100  --  data: 0.0026  |  pushforward: 0.0347  |  physics: 0.0054  |  L2 rel error (val): 0.8614
Epoch   23/100  --  data: 0.0026  |  pushforward: 0.0356  |  physics: 0.0055  |  L2 rel error (val): 0.8548
Epoch   24/100  --  data: 0.0025  |  pushforward: 0.0321  |  physics: 0.0052  |  L2 rel error (val): 0.8581
Epoch   25/100  --  data: 0.0025  |  pushforward: 0.0318  |  physics: 0.0052  |  L2 rel error (val): 0.8667
Epoch   26/100  --  data: 0.0027  |  pushforward: 0.0354  |  physics: 0.0053  |  L2 rel error (val): 0.8484
Epoch   27/100  --  data: 0.0025  |  pushforward: 0.0308  |  physics: 0.0052  |  L2 rel error (val): 0.8491
Epoch   28/100  --  data: 0.0024  |  pushforward: 0.0305  |  physics: 0.0051  |  L2 rel error (val): 0.8501
Epoch   29/100  --  data: 0.0024  |  pushforward: 0.0303  |  physics: 0.0051  |  L2 rel error (val): 0.8360
Epoch   30/100  --  data: 0.0023  |  pushforward: 0.0283  |  physics: 0.0050  |  L2 rel error (val): 0.8591
Epoch   31/100  --  data: 0.0023  |  pushforward: 0.0276  |  physics: 0.0049  |  L2 rel error (val): 0.8538
Epoch   32/100  --  data: 0.0024  |  pushforward: 0.0306  |  physics: 0.0050  |  L2 rel error (val): 0.8454
Epoch   33/100  --  data: 0.0023  |  pushforward: 0.0277  |  physics: 0.0048  |  L2 rel error (val): 0.8507
Epoch   34/100  --  data: 0.0022  |  pushforward: 0.0276  |  physics: 0.0048  |  L2 rel error (val): 0.8628
Early stopping at epoch 34: val loss hasn't improved for 15 epochs (best=0.833473).
Best model reloaded -- minimum L2 rel error (val): 0.833473
[mem] after training: 28.38 Go
[mem] after evaluate_one_step: 28.46 Go
[mem] after rollout + benchmark: 28.46 Go
Done -- outputs in /home/aph25/Code_GH/runs/p12_arch_256_16
RUN DONE: configs/runs/p12_arch_256_16.yaml
