=== beamsurrogate [run] run_id=p7_dataset_medium_pinn_0.01 model=mlp regime=pushforward stabilizer=none dataset=medium features=['U', 'Ut'] ===
[mem] start: 0.58 Go
Loaded 2000 trajectories from /home/aph25/Code_GH/data/beam_dataset_medium.h5
Split distribution (from dataset):
  train : 1817 simulations (90.8 %)
  val   :   84 simulations (4.2 %)
  test  :   99 simulations (5.0 %)
[mem] after load_hdf5_dataset: 55.16 Go
[mem] after compute_norm_stats: 55.16 Go
MLP(
  (net): Sequential(
    (0): Linear(in_features=138, out_features=512, bias=True)
    (1): GELU(approximate='none')
    (2): Linear(in_features=512, out_features=256, bias=True)
    (3): GELU(approximate='none')
    (4): Linear(in_features=256, out_features=64, bias=True)
    (5): GELU(approximate='none')
    (6): Linear(in_features=64, out_features=2, bias=True)
  )
)
Parameters: 219,074
[mem] after make_dataloaders: 105.72 Go
[mem] after trimming df to test split: 54.38 Go
Epoch    1/100  --  data: 0.0140  |  pushforward: 0.4842  |  physics: 0.0699  |  L2 rel error (val): 3.0479
Epoch    2/100  --  data: 0.0097  |  pushforward: 0.1474  |  physics: 0.0240  |  L2 rel error (val): 0.9655
Epoch    3/100  --  data: 0.0110  |  pushforward: 0.1332  |  physics: 0.0257  |  L2 rel error (val): 0.9310
Epoch    4/100  --  data: 0.0101  |  pushforward: 0.1031  |  physics: 0.0237  |  L2 rel error (val): 0.9194
Epoch    5/100  --  data: 0.0089  |  pushforward: 0.0913  |  physics: 0.0210  |  L2 rel error (val): 0.9318
Epoch    6/100  --  data: 0.0077  |  pushforward: 0.0713  |  physics: 0.0186  |  L2 rel error (val): 0.9123
Epoch    7/100  --  data: 0.0085  |  pushforward: 0.0823  |  physics: 0.0204  |  L2 rel error (val): 0.8654
Epoch    8/100  --  data: 0.0084  |  pushforward: 0.0770  |  physics: 0.0196  |  L2 rel error (val): 0.8750
Epoch    9/100  --  data: 0.0083  |  pushforward: 0.0716  |  physics: 0.0192  |  L2 rel error (val): 0.8574
Epoch   10/100  --  data: 0.0079  |  pushforward: 0.0725  |  physics: 0.0184  |  L2 rel error (val): 0.8831
Epoch   11/100  --  data: 0.0073  |  pushforward: 0.0647  |  physics: 0.0172  |  L2 rel error (val): 0.8953
Epoch   12/100  --  data: 0.0067  |  pushforward: 0.0619  |  physics: 0.0168  |  L2 rel error (val): 0.8422
Epoch   13/100  --  data: 0.0068  |  pushforward: 0.0616  |  physics: 0.0168  |  L2 rel error (val): 0.8490
Epoch   14/100  --  data: 0.0068  |  pushforward: 0.0606  |  physics: 0.0164  |  L2 rel error (val): 0.8694
Epoch   15/100  --  data: 0.0064  |  pushforward: 0.0535  |  physics: 0.0159  |  L2 rel error (val): 0.8583
Epoch   16/100  --  data: 0.0066  |  pushforward: 0.0562  |  physics: 0.0157  |  L2 rel error (val): 0.8634
Epoch   17/100  --  data: 0.0067  |  pushforward: 0.0554  |  physics: 0.0161  |  L2 rel error (val): 0.8430
Epoch   18/100  --  data: 0.0067  |  pushforward: 0.0561  |  physics: 0.0156  |  L2 rel error (val): 0.9334
Epoch   19/100  --  data: 0.0059  |  pushforward: 0.0489  |  physics: 0.0146  |  L2 rel error (val): 0.8487
Epoch   20/100  --  data: 0.0061  |  pushforward: 0.0491  |  physics: 0.0155  |  L2 rel error (val): 0.8691
Epoch   21/100  --  data: 0.0060  |  pushforward: 0.0501  |  physics: 0.0152  |  L2 rel error (val): 0.8332
Epoch   22/100  --  data: 0.0058  |  pushforward: 0.0464  |  physics: 0.0150  |  L2 rel error (val): 0.8512
Epoch   23/100  --  data: 0.0056  |  pushforward: 0.0439  |  physics: 0.0146  |  L2 rel error (val): 0.8368
Epoch   24/100  --  data: 0.0056  |  pushforward: 0.0426  |  physics: 0.0145  |  L2 rel error (val): 0.8364
Epoch   25/100  --  data: 0.0055  |  pushforward: 0.0426  |  physics: 0.0145  |  L2 rel error (val): 0.8454
Epoch   26/100  --  data: 0.0053  |  pushforward: 0.0412  |  physics: 0.0140  |  L2 rel error (val): 3.2916
Epoch   27/100  --  data: 0.0054  |  pushforward: 0.0413  |  physics: 0.0142  |  L2 rel error (val): 0.8352
Epoch   28/100  --  data: 0.0051  |  pushforward: 0.0399  |  physics: 0.0139  |  L2 rel error (val): 0.8426
Epoch   29/100  --  data: 0.0055  |  pushforward: 0.0432  |  physics: 0.0144  |  L2 rel error (val): 0.8331
Epoch   30/100  --  data: 0.0050  |  pushforward: 0.0386  |  physics: 0.0130  |  L2 rel error (val): 0.8259
Epoch   31/100  --  data: 0.0053  |  pushforward: 0.0406  |  physics: 0.0142  |  L2 rel error (val): 0.8417
Epoch   32/100  --  data: 0.0049  |  pushforward: 0.0364  |  physics: 0.0135  |  L2 rel error (val): 0.8500
Epoch   33/100  --  data: 0.0051  |  pushforward: 0.0406  |  physics: 0.0135  |  L2 rel error (val): 0.8360
Epoch   34/100  --  data: 0.0048  |  pushforward: 0.0375  |  physics: 0.0129  |  L2 rel error (val): 0.9655
Epoch   35/100  --  data: 0.0052  |  pushforward: 0.0398  |  physics: 0.0137  |  L2 rel error (val): 0.8276
Epoch   36/100  --  data: 0.0049  |  pushforward: 0.0377  |  physics: 0.0133  |  L2 rel error (val): 0.8327
Epoch   37/100  --  data: 0.0049  |  pushforward: 0.0379  |  physics: 0.0134  |  L2 rel error (val): 0.8404
Epoch   38/100  --  data: 0.0047  |  pushforward: 0.0353  |  physics: 0.0131  |  L2 rel error (val): 450918380045806.1250
Epoch   39/100  --  data: 0.0048  |  pushforward: 0.0362  |  physics: 0.0130  |  L2 rel error (val): 0.8283
Epoch   40/100  --  data: 0.0047  |  pushforward: 0.0365  |  physics: 0.0128  |  L2 rel error (val): 0.8319
Epoch   41/100  --  data: 0.0048  |  pushforward: 0.0357  |  physics: 0.0129  |  L2 rel error (val): 0.8508
Epoch   42/100  --  data: 0.0046  |  pushforward: 0.0377  |  physics: 0.0142  |  L2 rel error (val): 487489950292761.1250
Epoch   43/100  --  data: 0.0046  |  pushforward: 0.0344  |  physics: 0.0126  |  L2 rel error (val): 0.8401
Epoch   44/100  --  data: 0.0045  |  pushforward: 0.0338  |  physics: 0.0127  |  L2 rel error (val): 0.8288
Epoch   45/100  --  data: 0.0047  |  pushforward: 0.0351  |  physics: 0.0127  |  L2 rel error (val): 0.8378
Early stopping at epoch 45: val loss hasn't improved for 15 epochs (best=0.825862).
Best model reloaded -- minimum L2 rel error (val): 0.825862
[mem] after training: 54.66 Go
[mem] after evaluate_one_step: 54.73 Go
[mem] after rollout + benchmark: 54.73 Go
Done -- outputs in /home/aph25/Code_GH/runs/p7_dataset_medium_pinn_0.01
RUN DONE: configs/runs/p7_dataset_medium_pinn_0.01.yaml
