=== beamsurrogate [run] run_id=p4_arch_ridge model=mlp regime=pushforward stabilizer=none dataset=simple features=['U'] ===
[mem] start: 0.58 Go
Loaded 2000 trajectories from /home/aph25/Code_GH/data/beam_dataset_simple.h5
Split distribution (from dataset):
  train : 1817 simulations (90.8 %)
  val   :   84 simulations (4.2 %)
  test  :   99 simulations (5.0 %)
[mem] after load_hdf5_dataset: 28.96 Go
[mem] after compute_norm_stats: 28.96 Go
MLP(
  (net): Sequential(
    (0): Linear(in_features=69, out_features=2, bias=True)
  )
)
Parameters: 140
[mem] after make_dataloaders: 54.62 Go
[mem] after trimming df to test split: 28.18 Go
Epoch    1/100  --  data: 0.0621  |  pushforward: 0.9516  |  physics: 0.0000  |  comparable loss (val): 0.1467
Epoch    2/100  --  data: 0.0404  |  pushforward: 0.4306  |  physics: 0.0000  |  comparable loss (val): 0.3818
Epoch    3/100  --  data: 0.0372  |  pushforward: 0.3573  |  physics: 0.0000  |  comparable loss (val): 0.2539
Epoch    4/100  --  data: 0.0354  |  pushforward: 0.3134  |  physics: 0.0000  |  comparable loss (val): 0.5453
Epoch    5/100  --  data: 0.0344  |  pushforward: 0.2895  |  physics: 0.0000  |  comparable loss (val): 0.1614
Epoch    6/100  --  data: 0.0336  |  pushforward: 0.2692  |  physics: 0.0000  |  comparable loss (val): 0.0969
Epoch    7/100  --  data: 0.0326  |  pushforward: 0.2494  |  physics: 0.0000  |  comparable loss (val): 0.1338
Epoch    8/100  --  data: 0.0316  |  pushforward: 0.2338  |  physics: 0.0000  |  comparable loss (val): 0.1282
Epoch    9/100  --  data: 0.0308  |  pushforward: 0.2314  |  physics: 0.0000  |  comparable loss (val): 0.0697
Epoch   10/100  --  data: 0.0299  |  pushforward: 0.2162  |  physics: 0.0000  |  comparable loss (val): 0.7045
Epoch   11/100  --  data: 0.0292  |  pushforward: 0.2131  |  physics: 0.0000  |  comparable loss (val): 0.4801
Epoch   12/100  --  data: 0.0284  |  pushforward: 0.2058  |  physics: 0.0000  |  comparable loss (val): 0.4330
Epoch   13/100  --  data: 0.0278  |  pushforward: 0.2016  |  physics: 0.0000  |  comparable loss (val): 0.1526
Epoch   14/100  --  data: 0.0273  |  pushforward: 0.2024  |  physics: 0.0000  |  comparable loss (val): 0.1575
Epoch   15/100  --  data: 0.0268  |  pushforward: 0.1991  |  physics: 0.0000  |  comparable loss (val): 0.1302
Epoch   16/100  --  data: 0.0263  |  pushforward: 0.1979  |  physics: 0.0000  |  comparable loss (val): 0.0710
Epoch   17/100  --  data: 0.0259  |  pushforward: 0.1969  |  physics: 0.0000  |  comparable loss (val): 0.1550
Epoch   18/100  --  data: 0.0256  |  pushforward: 0.2022  |  physics: 0.0000  |  comparable loss (val): 0.0918
Epoch   19/100  --  data: 0.0252  |  pushforward: 0.1956  |  physics: 0.0000  |  comparable loss (val): 0.3019
Epoch   20/100  --  data: 0.0251  |  pushforward: 0.1998  |  physics: 0.0000  |  comparable loss (val): 0.0917
Epoch   21/100  --  data: 0.0248  |  pushforward: 0.1992  |  physics: 0.0000  |  comparable loss (val): 0.2347
Epoch   22/100  --  data: 0.0247  |  pushforward: 0.2032  |  physics: 0.0000  |  comparable loss (val): 0.0705
Epoch   23/100  --  data: 0.0244  |  pushforward: 0.1995  |  physics: 0.0000  |  comparable loss (val): 0.0440
Epoch   24/100  --  data: 0.0243  |  pushforward: 0.2026  |  physics: 0.0000  |  comparable loss (val): 0.2607
Epoch   25/100  --  data: 0.0242  |  pushforward: 0.2041  |  physics: 0.0000  |  comparable loss (val): 2.1900
Epoch   26/100  --  data: 0.0242  |  pushforward: 0.2058  |  physics: 0.0000  |  comparable loss (val): 0.0714
Epoch   27/100  --  data: 0.0241  |  pushforward: 0.2063  |  physics: 0.0000  |  comparable loss (val): 0.2388
Epoch   28/100  --  data: 0.0240  |  pushforward: 0.2072  |  physics: 0.0000  |  comparable loss (val): 0.4457
Epoch   29/100  --  data: 0.0238  |  pushforward: 0.2053  |  physics: 0.0000  |  comparable loss (val): 1.0048
Epoch   30/100  --  data: 0.0238  |  pushforward: 0.2016  |  physics: 0.0000  |  comparable loss (val): 0.4715
Epoch   31/100  --  data: 0.0237  |  pushforward: 0.2081  |  physics: 0.0000  |  comparable loss (val): 0.0350
Epoch   32/100  --  data: 0.0238  |  pushforward: 0.2099  |  physics: 0.0000  |  comparable loss (val): 0.3932
Epoch   33/100  --  data: 0.0239  |  pushforward: 0.2112  |  physics: 0.0000  |  comparable loss (val): 0.6905
Epoch   34/100  --  data: 0.0240  |  pushforward: 0.2106  |  physics: 0.0000  |  comparable loss (val): 0.1108
Epoch   35/100  --  data: 0.0239  |  pushforward: 0.2089  |  physics: 0.0000  |  comparable loss (val): 0.1477
Epoch   36/100  --  data: 0.0240  |  pushforward: 0.2113  |  physics: 0.0000  |  comparable loss (val): 0.1047
Epoch   37/100  --  data: 0.0240  |  pushforward: 0.2116  |  physics: 0.0000  |  comparable loss (val): 0.1893
Epoch   38/100  --  data: 0.0239  |  pushforward: 0.2090  |  physics: 0.0000  |  comparable loss (val): 0.5443
Epoch   39/100  --  data: 0.0240  |  pushforward: 0.2062  |  physics: 0.0000  |  comparable loss (val): 0.3079
Epoch   40/100  --  data: 0.0240  |  pushforward: 0.2100  |  physics: 0.0000  |  comparable loss (val): 0.1111
Epoch   41/100  --  data: 0.0240  |  pushforward: 0.2109  |  physics: 0.0000  |  comparable loss (val): 0.1588
Epoch   42/100  --  data: 0.0243  |  pushforward: 0.2117  |  physics: 0.0000  |  comparable loss (val): 0.1253
Epoch   43/100  --  data: 0.0241  |  pushforward: 0.2091  |  physics: 0.0000  |  comparable loss (val): 0.5646
Epoch   44/100  --  data: 0.0242  |  pushforward: 0.2138  |  physics: 0.0000  |  comparable loss (val): 0.2254
Epoch   45/100  --  data: 0.0244  |  pushforward: 0.2173  |  physics: 0.0000  |  comparable loss (val): 0.0964
Epoch   46/100  --  data: 0.0244  |  pushforward: 0.2155  |  physics: 0.0000  |  comparable loss (val): 0.1360
Early stopping at epoch 46: val loss hasn't improved for 15 epochs (best=0.035011).
Best model reloaded -- minimum comparable loss (val): 0.035011
[mem] after training: 28.32 Go
[mem] after evaluate_one_step: 28.42 Go
[mem] after rollout + benchmark: 28.42 Go
Done -- outputs in runs/p4/p4_arch_ridge
RUN DONE: runs/p4/p4_arch_ridge/config.yaml
