=== beamsurrogate [run] run_id=p10_none_bias_off model=mlp regime=pushforward stabilizer=none dataset=simple features=['U'] ===
[mem] start: 0.58 Go
Loaded 2000 trajectories from /home/aph25/Code_GH/data/beam_dataset_simple.h5
Split distribution (from dataset):
  train : 1817 simulations (90.8 %)
  val   :   84 simulations (4.2 %)
  test  :   99 simulations (5.0 %)
[mem] after load_hdf5_dataset: 20.61 Go
[mem] after compute_norm_stats: 20.61 Go
MLP(
  (net): Sequential(
    (0): Linear(in_features=46, out_features=512, bias=True)
    (1): GELU(approximate='none')
    (2): Linear(in_features=512, out_features=256, bias=True)
    (3): GELU(approximate='none')
    (4): Linear(in_features=256, out_features=64, bias=True)
    (5): GELU(approximate='none')
    (6): Linear(in_features=64, out_features=3, bias=True)
  )
)
Parameters: 172,035
[mem] after make_dataloaders: 38.33 Go
[mem] after trimming df to test split: 19.81 Go
Epoch    1/100  --  data: 0.0131  |  pushforward: 0.4064  |  physics: 0.0325  |  comparable loss (val): 0.0417
Epoch    2/100  --  data: 0.0099  |  pushforward: 0.2460  |  physics: 0.0204  |  comparable loss (val): 0.1155
Epoch    3/100  --  data: 0.0095  |  pushforward: 0.1970  |  physics: 0.0208  |  comparable loss (val): 0.2194
Epoch    4/100  --  data: 0.0095  |  pushforward: 0.1859  |  physics: 0.0213  |  comparable loss (val): 0.2042
Epoch    5/100  --  data: 0.0104  |  pushforward: 0.1853  |  physics: 0.0228  |  comparable loss (val): 0.0967
Epoch    6/100  --  data: 0.0090  |  pushforward: 0.1539  |  physics: 0.0209  |  comparable loss (val): 0.0363
Epoch    7/100  --  data: 0.0078  |  pushforward: 0.1303  |  physics: 0.0195  |  comparable loss (val): 0.0203
Epoch    8/100  --  data: 0.0073  |  pushforward: 0.1232  |  physics: 0.0185  |  comparable loss (val): 0.0958
Epoch    9/100  --  data: 0.0068  |  pushforward: 0.1134  |  physics: 0.0190  |  comparable loss (val): 0.0173
Epoch   10/100  --  data: 0.0064  |  pushforward: 0.1029  |  physics: 0.0167  |  comparable loss (val): 0.0482
Epoch   11/100  --  data: 0.0062  |  pushforward: 0.0989  |  physics: 0.0162  |  comparable loss (val): 0.1019
Epoch   12/100  --  data: 0.0056  |  pushforward: 0.0874  |  physics: 0.0151  |  comparable loss (val): 0.0533
Epoch   13/100  --  data: 0.0051  |  pushforward: 0.0814  |  physics: 0.0142  |  comparable loss (val): 0.1244
Epoch   14/100  --  data: 0.0048  |  pushforward: 0.0759  |  physics: 0.0140  |  comparable loss (val): 0.0627
Epoch   15/100  --  data: 0.0049  |  pushforward: 0.0794  |  physics: 0.0141  |  comparable loss (val): 0.0127
Epoch   16/100  --  data: 0.0046  |  pushforward: 0.0733  |  physics: 0.0139  |  comparable loss (val): 0.0045
Epoch   17/100  --  data: 0.0043  |  pushforward: 0.0678  |  physics: 0.0130  |  comparable loss (val): 0.0528
Epoch   18/100  --  data: 0.0040  |  pushforward: 0.0616  |  physics: 0.0123  |  comparable loss (val): 0.0433
Epoch   19/100  --  data: 0.0040  |  pushforward: 0.0632  |  physics: 0.0122  |  comparable loss (val): 0.0317
Epoch   20/100  --  data: 0.0039  |  pushforward: 0.0606  |  physics: 0.0124  |  comparable loss (val): 0.0156
Epoch   21/100  --  data: 0.0038  |  pushforward: 0.0607  |  physics: 0.0116  |  comparable loss (val): 0.0205
Epoch   22/100  --  data: 0.0037  |  pushforward: 0.0561  |  physics: 0.0119  |  comparable loss (val): 0.0239
Epoch   23/100  --  data: 0.0036  |  pushforward: 0.0560  |  physics: 0.0114  |  comparable loss (val): 0.0067
Epoch   24/100  --  data: 0.0035  |  pushforward: 0.0546  |  physics: 0.0114  |  comparable loss (val): 0.1024
Epoch   25/100  --  data: 0.0034  |  pushforward: 0.0523  |  physics: 0.0113  |  comparable loss (val): 0.0937
Epoch   26/100  --  data: 0.0034  |  pushforward: 0.0515  |  physics: 0.0109  |  comparable loss (val): 0.0788
Epoch   27/100  --  data: 0.0032  |  pushforward: 0.0493  |  physics: 0.0110  |  comparable loss (val): 0.0185
Epoch   28/100  --  data: 0.0034  |  pushforward: 0.0526  |  physics: 0.0111  |  comparable loss (val): 0.0884
Epoch   29/100  --  data: 0.0035  |  pushforward: 0.0532  |  physics: 0.0115  |  comparable loss (val): 0.0238
Epoch   30/100  --  data: 0.0030  |  pushforward: 0.0474  |  physics: 0.0101  |  comparable loss (val): 0.2456
Epoch   31/100  --  data: 0.0030  |  pushforward: 0.0469  |  physics: 0.0100  |  comparable loss (val): 0.0041
Epoch   32/100  --  data: 0.0030  |  pushforward: 0.0469  |  physics: 0.0101  |  comparable loss (val): 0.0272
Epoch   33/100  --  data: 0.0033  |  pushforward: 0.0511  |  physics: 0.0111  |  comparable loss (val): 0.3524
Epoch   34/100  --  data: 0.0031  |  pushforward: 0.0495  |  physics: 0.0104  |  comparable loss (val): 0.0175
Epoch   35/100  --  data: 0.0031  |  pushforward: 0.0500  |  physics: 0.0107  |  comparable loss (val): 0.1062
Epoch   36/100  --  data: 0.0031  |  pushforward: 0.0511  |  physics: 0.0105  |  comparable loss (val): 0.0183
Epoch   37/100  --  data: 0.0030  |  pushforward: 0.0482  |  physics: 0.0106  |  comparable loss (val): 0.0264
Epoch   38/100  --  data: 0.0029  |  pushforward: 0.0475  |  physics: 0.0102  |  comparable loss (val): 0.0411
Epoch   39/100  --  data: 0.0028  |  pushforward: 0.0448  |  physics: 0.0091  |  comparable loss (val): 0.0308
Epoch   40/100  --  data: 0.0027  |  pushforward: 0.0449  |  physics: 0.0096  |  comparable loss (val): 0.0337
Epoch   41/100  --  data: 0.0028  |  pushforward: 0.0447  |  physics: 0.0093  |  comparable loss (val): 0.0868
Epoch   42/100  --  data: 0.0027  |  pushforward: 0.0431  |  physics: 0.0095  |  comparable loss (val): 0.0469
Epoch   43/100  --  data: 0.0027  |  pushforward: 0.0436  |  physics: 0.0091  |  comparable loss (val): 0.0203
Epoch   44/100  --  data: 0.0028  |  pushforward: 0.0474  |  physics: 0.0101  |  comparable loss (val): 0.0350
Epoch   45/100  --  data: 0.0026  |  pushforward: 0.0419  |  physics: 0.0096  |  comparable loss (val): 0.0159
Epoch   46/100  --  data: 0.0027  |  pushforward: 0.0422  |  physics: 0.0094  |  comparable loss (val): 0.0091
Early stopping at epoch 46: val loss hasn't improved for 15 epochs (best=0.004134).
Best model reloaded -- minimum comparable loss (val): 0.004134
[mem] after training: 20.14 Go
[mem] after evaluate_one_step: 20.25 Go
[mem] after rollout + benchmark: 20.25 Go
Done -- outputs in runs/p10_stabilisation_strategies/p10_none_bias_off
RUN DONE: runs/p10_stabilisation_strategies/p10_none_bias_off/config.yaml
