=== beamsurrogate [run] run_id=p4_arch_128_64_16 model=mlp regime=pushforward stabilizer=none dataset=simple features=['U'] ===
[mem] start: 0.58 Go
Loaded 2000 trajectories from /home/aph25/Code_GH/data/beam_dataset_simple.h5
Split distribution (from dataset):
  train : 1817 simulations (90.8 %)
  val   :   84 simulations (4.2 %)
  test  :   99 simulations (5.0 %)
[mem] after load_hdf5_dataset: 28.96 Go
[mem] after compute_norm_stats: 28.96 Go
MLP(
  (net): Sequential(
    (0): Linear(in_features=69, out_features=128, bias=True)
    (1): GELU(approximate='none')
    (2): Linear(in_features=128, out_features=64, bias=True)
    (3): GELU(approximate='none')
    (4): Linear(in_features=64, out_features=16, bias=True)
    (5): GELU(approximate='none')
    (6): Linear(in_features=16, out_features=2, bias=True)
  )
)
Parameters: 18,290
[mem] after make_dataloaders: 54.62 Go
[mem] after trimming df to test split: 28.18 Go
Epoch    1/100  --  data: 0.0173  |  pushforward: 0.4646  |  physics: 0.0000  |  comparable loss (val): 0.0208
Epoch    2/100  --  data: 0.0051  |  pushforward: 0.1413  |  physics: 0.0000  |  comparable loss (val): 0.0376
Epoch    3/100  --  data: 0.0042  |  pushforward: 0.1071  |  physics: 0.0000  |  comparable loss (val): 0.4988
Epoch    4/100  --  data: 0.0040  |  pushforward: 0.0939  |  physics: 0.0000  |  comparable loss (val): 0.0449
Epoch    5/100  --  data: 0.0042  |  pushforward: 0.0918  |  physics: 0.0000  |  comparable loss (val): 0.0417
Epoch    6/100  --  data: 0.0034  |  pushforward: 0.0698  |  physics: 0.0000  |  comparable loss (val): 0.0312
Epoch    7/100  --  data: 0.0032  |  pushforward: 0.0626  |  physics: 0.0000  |  comparable loss (val): 0.0045
Epoch    8/100  --  data: 0.0029  |  pushforward: 0.0558  |  physics: 0.0000  |  comparable loss (val): 0.0392
Epoch    9/100  --  data: 0.0027  |  pushforward: 0.0535  |  physics: 0.0000  |  comparable loss (val): 0.0184
Epoch   10/100  --  data: 0.0026  |  pushforward: 0.0490  |  physics: 0.0000  |  comparable loss (val): 0.0175
Epoch   11/100  --  data: 0.0025  |  pushforward: 0.0453  |  physics: 0.0000  |  comparable loss (val): 0.0078
Epoch   12/100  --  data: 0.0023  |  pushforward: 0.0407  |  physics: 0.0000  |  comparable loss (val): 0.0380
Epoch   13/100  --  data: 0.0023  |  pushforward: 0.0406  |  physics: 0.0000  |  comparable loss (val): 0.0066
Epoch   14/100  --  data: 0.0022  |  pushforward: 0.0371  |  physics: 0.0000  |  comparable loss (val): 0.0383
Epoch   15/100  --  data: 0.0021  |  pushforward: 0.0366  |  physics: 0.0000  |  comparable loss (val): 0.0295
Epoch   16/100  --  data: 0.0021  |  pushforward: 0.0353  |  physics: 0.0000  |  comparable loss (val): 0.0028
Epoch   17/100  --  data: 0.0020  |  pushforward: 0.0329  |  physics: 0.0000  |  comparable loss (val): 0.0265
Epoch   18/100  --  data: 0.0021  |  pushforward: 0.0340  |  physics: 0.0000  |  comparable loss (val): 0.0085
Epoch   19/100  --  data: 0.0020  |  pushforward: 0.0326  |  physics: 0.0000  |  comparable loss (val): 0.0147
Epoch   20/100  --  data: 0.0019  |  pushforward: 0.0294  |  physics: 0.0000  |  comparable loss (val): 0.0036
Epoch   21/100  --  data: 0.0018  |  pushforward: 0.0300  |  physics: 0.0000  |  comparable loss (val): 0.0102
Epoch   22/100  --  data: 0.0018  |  pushforward: 0.0289  |  physics: 0.0000  |  comparable loss (val): 0.0879
Epoch   23/100  --  data: 0.0018  |  pushforward: 0.0283  |  physics: 0.0000  |  comparable loss (val): 0.0037
Epoch   24/100  --  data: 0.0018  |  pushforward: 0.0287  |  physics: 0.0000  |  comparable loss (val): 0.0161
Epoch   25/100  --  data: 0.0017  |  pushforward: 0.0266  |  physics: 0.0000  |  comparable loss (val): 0.0596
Epoch   26/100  --  data: 0.0018  |  pushforward: 0.0260  |  physics: 0.0000  |  comparable loss (val): 0.0648
Epoch   27/100  --  data: 0.0016  |  pushforward: 0.0235  |  physics: 0.0000  |  comparable loss (val): 0.0043
Epoch   28/100  --  data: 0.0017  |  pushforward: 0.0275  |  physics: 0.0000  |  comparable loss (val): 0.0083
Epoch   29/100  --  data: 0.0016  |  pushforward: 0.0247  |  physics: 0.0000  |  comparable loss (val): 0.0144
Epoch   30/100  --  data: 0.0017  |  pushforward: 0.0251  |  physics: 0.0000  |  comparable loss (val): 0.0423
Epoch   31/100  --  data: 0.0016  |  pushforward: 0.0237  |  physics: 0.0000  |  comparable loss (val): 0.0052
Early stopping at epoch 31: val loss hasn't improved for 15 epochs (best=0.002804).
Best model reloaded -- minimum comparable loss (val): 0.002804
[mem] after training: 28.38 Go
[mem] after evaluate_one_step: 28.48 Go
[mem] after rollout + benchmark: 28.48 Go
Done -- outputs in runs/p4/p4_arch_128_64_16
RUN DONE: runs/p4/p4_arch_128_64_16/config.yaml
