=== beamsurrogate [run] run_id=p12_arch_128_64_16 model=mlp regime=pushforward stabilizer=none dataset=simple features=['U'] ===
[mem] start: 0.57 Go
Loaded 2000 trajectories from /home/aph25/Code_GH/data/beam_dataset_simple.h5
Split distribution (from dataset):
  train : 1817 simulations (90.8 %)
  val   :   84 simulations (4.2 %)
  test  :   99 simulations (5.0 %)
[mem] after load_hdf5_dataset: 28.95 Go
[mem] after compute_norm_stats: 28.94 Go
MLP(
  (net): Sequential(
    (0): Linear(in_features=69, out_features=128, bias=True)
    (1): GELU(approximate='none')
    (2): Linear(in_features=128, out_features=64, bias=True)
    (3): GELU(approximate='none')
    (4): Linear(in_features=64, out_features=16, bias=True)
    (5): GELU(approximate='none')
    (6): Linear(in_features=16, out_features=2, bias=True)
  )
)
Parameters: 18,290
[mem] after make_dataloaders: 54.60 Go
[mem] after trimming df to test split: 28.16 Go
Epoch    1/100  --  data: 0.0173  |  pushforward: 0.4646  |  physics: 0.1282  |  L2 rel error (val): 1.0897
Epoch    2/100  --  data: 0.0051  |  pushforward: 0.1380  |  physics: 0.0126  |  L2 rel error (val): 0.8505
Epoch    3/100  --  data: 0.0040  |  pushforward: 0.1036  |  physics: 0.0098  |  L2 rel error (val): 0.8724
Epoch    4/100  --  data: 0.0040  |  pushforward: 0.0940  |  physics: 0.0095  |  L2 rel error (val): 0.8509
Epoch    5/100  --  data: 0.0041  |  pushforward: 0.0870  |  physics: 0.0098  |  L2 rel error (val): 0.8815
Epoch    6/100  --  data: 0.0039  |  pushforward: 0.0782  |  physics: 0.0096  |  L2 rel error (val): 0.8479
Epoch    7/100  --  data: 0.0034  |  pushforward: 0.0662  |  physics: 0.0087  |  L2 rel error (val): 397.0359
Epoch    8/100  --  data: 0.0031  |  pushforward: 0.0580  |  physics: 0.0082  |  L2 rel error (val): 1.0017
Epoch    9/100  --  data: 0.0030  |  pushforward: 0.0573  |  physics: 0.0079  |  L2 rel error (val): 0.8461
Epoch   10/100  --  data: 0.0027  |  pushforward: 0.0490  |  physics: 0.0069  |  L2 rel error (val): 0.8587
Epoch   11/100  --  data: 0.0027  |  pushforward: 0.0481  |  physics: 0.0068  |  L2 rel error (val): 99282.6397
Epoch   12/100  --  data: 0.0025  |  pushforward: 0.0435  |  physics: 0.0063  |  L2 rel error (val): 0.8359
Epoch   13/100  --  data: 0.0024  |  pushforward: 0.0422  |  physics: 0.0062  |  L2 rel error (val): 0.8247
Epoch   14/100  --  data: 0.0023  |  pushforward: 0.0393  |  physics: 0.0061  |  L2 rel error (val): 3846782.3368
Epoch   15/100  --  data: 0.0022  |  pushforward: 0.0361  |  physics: 0.0057  |  L2 rel error (val): 4.6335
Epoch   16/100  --  data: 0.0022  |  pushforward: 0.0377  |  physics: 0.0057  |  L2 rel error (val): 0.8223
Epoch   17/100  --  data: 0.0022  |  pushforward: 0.0367  |  physics: 0.0055  |  L2 rel error (val): 16.3353
Epoch   18/100  --  data: 0.0021  |  pushforward: 0.0346  |  physics: 0.0054  |  L2 rel error (val): 0.8243
Epoch   19/100  --  data: 0.0021  |  pushforward: 0.0338  |  physics: 0.0053  |  L2 rel error (val): 0.8385
Epoch   20/100  --  data: 0.0021  |  pushforward: 0.0343  |  physics: 0.0053  |  L2 rel error (val): 0.8239
Epoch   21/100  --  data: 0.0020  |  pushforward: 0.0315  |  physics: 0.0050  |  L2 rel error (val): 0.9212
Epoch   22/100  --  data: 0.0020  |  pushforward: 0.0313  |  physics: 0.0053  |  L2 rel error (val): 0.8407
Epoch   23/100  --  data: 0.0019  |  pushforward: 0.0291  |  physics: 0.0049  |  L2 rel error (val): 0.8375
Epoch   24/100  --  data: 0.0019  |  pushforward: 0.0309  |  physics: 0.0050  |  L2 rel error (val): 0.8393
Epoch   25/100  --  data: 0.0020  |  pushforward: 0.0287  |  physics: 0.0049  |  L2 rel error (val): 0.8364
Epoch   26/100  --  data: 0.0018  |  pushforward: 0.0269  |  physics: 0.0047  |  L2 rel error (val): 0.8265
Epoch   27/100  --  data: 0.0018  |  pushforward: 0.0278  |  physics: 0.0047  |  L2 rel error (val): 0.8221
Epoch   28/100  --  data: 0.0017  |  pushforward: 0.0260  |  physics: 0.0046  |  L2 rel error (val): 0.8843
Epoch   29/100  --  data: 0.0018  |  pushforward: 0.0267  |  physics: 0.0045  |  L2 rel error (val): 0.8311
Epoch   30/100  --  data: 0.0017  |  pushforward: 0.0250  |  physics: 0.0044  |  L2 rel error (val): 0.8598
Epoch   31/100  --  data: 0.0017  |  pushforward: 0.0252  |  physics: 0.0043  |  L2 rel error (val): 0.8352
Epoch   32/100  --  data: 0.0016  |  pushforward: 0.0237  |  physics: 0.0044  |  L2 rel error (val): 1.1838
Epoch   33/100  --  data: 0.0016  |  pushforward: 0.0237  |  physics: 0.0043  |  L2 rel error (val): 0.8378
Epoch   34/100  --  data: 0.0017  |  pushforward: 0.0258  |  physics: 0.0044  |  L2 rel error (val): 0.8291
Epoch   35/100  --  data: 0.0016  |  pushforward: 0.0240  |  physics: 0.0042  |  L2 rel error (val): 0.8355
Epoch   36/100  --  data: 0.0016  |  pushforward: 0.0231  |  physics: 0.0043  |  L2 rel error (val): 0.8297
Epoch   37/100  --  data: 0.0016  |  pushforward: 0.0230  |  physics: 0.0041  |  L2 rel error (val): 0.9247
Epoch   38/100  --  data: 0.0017  |  pushforward: 0.0233  |  physics: 0.0042  |  L2 rel error (val): 0.8254
Epoch   39/100  --  data: 0.0016  |  pushforward: 0.0223  |  physics: 0.0040  |  L2 rel error (val): 0.8211
Epoch   40/100  --  data: 0.0016  |  pushforward: 0.0218  |  physics: 0.0039  |  L2 rel error (val): 0.8417
Epoch   41/100  --  data: 0.0016  |  pushforward: 0.0222  |  physics: 0.0040  |  L2 rel error (val): 0.8649
Epoch   42/100  --  data: 0.0015  |  pushforward: 0.0210  |  physics: 0.0040  |  L2 rel error (val): 0.8279
Epoch   43/100  --  data: 0.0015  |  pushforward: 0.0215  |  physics: 0.0039  |  L2 rel error (val): 0.8207
Epoch   44/100  --  data: 0.0015  |  pushforward: 0.0204  |  physics: 0.0039  |  L2 rel error (val): 0.8292
Epoch   45/100  --  data: 0.0016  |  pushforward: 0.0217  |  physics: 0.0040  |  L2 rel error (val): 0.8219
Epoch   46/100  --  data: 0.0015  |  pushforward: 0.0200  |  physics: 0.0038  |  L2 rel error (val): 0.8599
Epoch   47/100  --  data: 0.0016  |  pushforward: 0.0208  |  physics: 0.0038  |  L2 rel error (val): 0.8221
Epoch   48/100  --  data: 0.0015  |  pushforward: 0.0191  |  physics: 0.0038  |  L2 rel error (val): 0.8582
Epoch   49/100  --  data: 0.0015  |  pushforward: 0.0196  |  physics: 0.0038  |  L2 rel error (val): 0.8245
Epoch   50/100  --  data: 0.0015  |  pushforward: 0.0199  |  physics: 0.0038  |  L2 rel error (val): 0.8267
Epoch   51/100  --  data: 0.0015  |  pushforward: 0.0194  |  physics: 0.0037  |  L2 rel error (val): 0.8442
Epoch   52/100  --  data: 0.0015  |  pushforward: 0.0196  |  physics: 0.0037  |  L2 rel error (val): 0.8388
Epoch   53/100  --  data: 0.0014  |  pushforward: 0.0182  |  physics: 0.0037  |  L2 rel error (val): 0.8773
Epoch   54/100  --  data: 0.0014  |  pushforward: 0.0183  |  physics: 0.0036  |  L2 rel error (val): 0.8234
Epoch   55/100  --  data: 0.0015  |  pushforward: 0.0184  |  physics: 0.0037  |  L2 rel error (val): 0.8756
Epoch   56/100  --  data: 0.0014  |  pushforward: 0.0177  |  physics: 0.0035  |  L2 rel error (val): 0.8235
Epoch   57/100  --  data: 0.0014  |  pushforward: 0.0174  |  physics: 0.0035  |  L2 rel error (val): 0.8550
Epoch   58/100  --  data: 0.0015  |  pushforward: 0.0183  |  physics: 0.0036  |  L2 rel error (val): 0.8380
Early stopping at epoch 58: val loss hasn't improved for 15 epochs (best=0.820703).
Best model reloaded -- minimum L2 rel error (val): 0.820703
[mem] after training: 28.37 Go
[mem] after evaluate_one_step: 28.46 Go
[mem] after rollout + benchmark: 28.46 Go
Done -- outputs in /home/aph25/Code_GH/runs/p12_arch_128_64_16
RUN DONE: configs/runs/p12_arch_128_64_16.yaml
