=== beamsurrogate [run] run_id=p4_mlp model=mlp regime=pushforward stabilizer=none dataset=simple features=['U'] ===
[mem] start: 0.58 Go
Loaded 2000 trajectories from /home/aph25/Code_GH/data/beam_dataset_simple.h5
Split distribution (from dataset):
  train : 1817 simulations (90.8 %)
  val   :   84 simulations (4.2 %)
  test  :   99 simulations (5.0 %)
[mem] after load_hdf5_dataset: 20.61 Go
[mem] after compute_norm_stats: 20.61 Go
MLP(
  (net): Sequential(
    (0): Linear(in_features=46, out_features=512, bias=True)
    (1): GELU(approximate='none')
    (2): Linear(in_features=512, out_features=256, bias=True)
    (3): GELU(approximate='none')
    (4): Linear(in_features=256, out_features=64, bias=True)
    (5): GELU(approximate='none')
    (6): Linear(in_features=64, out_features=3, bias=True)
  )
)
Parameters: 172,035
[mem] after make_dataloaders: 38.33 Go
[mem] after trimming df to test split: 19.81 Go
Epoch    1/100  --  data: 0.0156  |  pushforward: 0.4519  |  physics: 0.0375  |  L2 rel error (val): 145126.9225
Epoch    2/100  --  data: 0.0088  |  pushforward: 0.2050  |  physics: 0.0193  |  L2 rel error (val): 0.8419
Epoch    3/100  --  data: 0.0091  |  pushforward: 0.1832  |  physics: 0.0194  |  L2 rel error (val): 0.8581
Epoch    4/100  --  data: 0.0093  |  pushforward: 0.1733  |  physics: 0.0200  |  L2 rel error (val): 0.8334
Epoch    5/100  --  data: 0.0097  |  pushforward: 0.1651  |  physics: 0.0205  |  L2 rel error (val): 0.8392
Epoch    6/100  --  data: 0.0096  |  pushforward: 0.1657  |  physics: 0.0214  |  L2 rel error (val): 0.8467
Epoch    7/100  --  data: 0.0083  |  pushforward: 0.1374  |  physics: 0.0186  |  L2 rel error (val): 0.8328
Epoch    8/100  --  data: 0.0071  |  pushforward: 0.1162  |  physics: 0.0171  |  L2 rel error (val): 0.8377
Epoch    9/100  --  data: 0.0063  |  pushforward: 0.1045  |  physics: 0.0160  |  L2 rel error (val): 0.8469
Epoch   10/100  --  data: 0.0061  |  pushforward: 0.1007  |  physics: 0.0158  |  L2 rel error (val): 0.8429
Epoch   11/100  --  data: 0.0059  |  pushforward: 0.0959  |  physics: 0.0157  |  L2 rel error (val): 0.8570
Epoch   12/100  --  data: 0.0053  |  pushforward: 0.0870  |  physics: 0.0148  |  L2 rel error (val): 0.8332
Epoch   13/100  --  data: 0.0053  |  pushforward: 0.0853  |  physics: 0.0144  |  L2 rel error (val): 0.8296
Epoch   14/100  --  data: 0.0050  |  pushforward: 0.0800  |  physics: 0.0139  |  L2 rel error (val): 0.8392
Epoch   15/100  --  data: 0.0047  |  pushforward: 0.0754  |  physics: 0.0130  |  L2 rel error (val): 0.8394
Epoch   16/100  --  data: 0.0047  |  pushforward: 0.0761  |  physics: 0.0130  |  L2 rel error (val): 0.8325
Epoch   17/100  --  data: 0.0045  |  pushforward: 0.0706  |  physics: 0.0126  |  L2 rel error (val): 0.8440
Epoch   18/100  --  data: 0.0046  |  pushforward: 0.0741  |  physics: 0.0135  |  L2 rel error (val): 7.5556
Epoch   19/100  --  data: 0.0042  |  pushforward: 0.0663  |  physics: 0.0120  |  L2 rel error (val): 0.8333
Epoch   20/100  --  data: 0.0040  |  pushforward: 0.0633  |  physics: 0.0117  |  L2 rel error (val): 0.8278
Epoch   21/100  --  data: 0.0041  |  pushforward: 0.0660  |  physics: 0.0118  |  L2 rel error (val): 0.8258
Epoch   22/100  --  data: 0.0038  |  pushforward: 0.0598  |  physics: 0.0118  |  L2 rel error (val): 346679747.0109
Epoch   23/100  --  data: 0.0038  |  pushforward: 0.0589  |  physics: 0.0116  |  L2 rel error (val): 0.8368
Epoch   24/100  --  data: 0.0036  |  pushforward: 0.0562  |  physics: 0.0110  |  L2 rel error (val): 0.8277
Epoch   25/100  --  data: 0.0035  |  pushforward: 0.0541  |  physics: 0.0117  |  L2 rel error (val): 34361797562.1378
Epoch   26/100  --  data: 0.0058  |  pushforward: 0.0928  |  physics: 0.0176  |  L2 rel error (val): 0.8268
Epoch   27/100  --  data: 0.0036  |  pushforward: 0.0558  |  physics: 0.0116  |  L2 rel error (val): 0.8379
Epoch   28/100  --  data: 0.0038  |  pushforward: 0.0648  |  physics: 0.0666  |  L2 rel error (val): 0.8408
Epoch   29/100  --  data: 0.0033  |  pushforward: 0.0520  |  physics: 0.0106  |  L2 rel error (val): 0.8272
Epoch   30/100  --  data: 0.0032  |  pushforward: 0.0496  |  physics: 0.0103  |  L2 rel error (val): 139380099627.1901
Epoch   31/100  --  data: 0.0066  |  pushforward: 0.1207  |  physics: 0.1218  |  L2 rel error (val): 0.8322
Epoch   32/100  --  data: 0.0034  |  pushforward: 0.0520  |  physics: 0.0105  |  L2 rel error (val): 0.8281
Epoch   33/100  --  data: 0.0032  |  pushforward: 0.0485  |  physics: 0.0097  |  L2 rel error (val): 125662943.5213
Epoch   34/100  --  data: 0.0032  |  pushforward: 0.0513  |  physics: 0.0101  |  L2 rel error (val): 2967318186978206.5000
Epoch   35/100  --  data: 0.0033  |  pushforward: 0.0504  |  physics: 0.0125  |  L2 rel error (val): 0.8263
Epoch   36/100  --  data: 0.0030  |  pushforward: 0.0454  |  physics: 0.0093  |  L2 rel error (val): 0.8402
Early stopping at epoch 36: val loss hasn't improved for 15 epochs (best=0.825812).
Best model reloaded -- minimum L2 rel error (val): 0.825812
[mem] after training: 20.15 Go
[mem] after evaluate_one_step: 20.27 Go
[mem] after rollout + benchmark: 20.27 Go
Done -- outputs in /home/aph25/Code_GH/runs/p4_mlp
RUN DONE: configs/runs/p4_mlp.yaml
