=== beamsurrogate [run] run_id=p7_dataset_medium model=mlp regime=pushforward stabilizer=none dataset=medium features=['U'] ===
[mem] start: 0.58 Go
Loaded 2000 trajectories from /home/aph25/Code_GH/data/beam_dataset_medium.h5
Split distribution (from dataset):
  train : 1812 simulations (90.6 %)
  val   :   86 simulations (4.3 %)
  test  :  102 simulations (5.1 %)
[mem] after load_hdf5_dataset: 28.96 Go
[mem] after compute_norm_stats: 28.96 Go
MLP(
  (net): Sequential(
    (0): Linear(in_features=69, out_features=512, bias=True)
    (1): GELU(approximate='none')
    (2): Linear(in_features=512, out_features=256, bias=True)
    (3): GELU(approximate='none')
    (4): Linear(in_features=256, out_features=64, bias=True)
    (5): GELU(approximate='none')
    (6): Linear(in_features=64, out_features=2, bias=True)
  )
)
Parameters: 183,746
[mem] after make_dataloaders: 54.58 Go
[mem] after trimming df to test split: 28.18 Go
Epoch    1/100  --  data: 0.0339  |  pushforward: 0.2968  |  physics: 0.4259  |  L2 rel error (val): 1.5123
Epoch    2/100  --  data: 0.0203  |  pushforward: 0.1441  |  physics: 0.3169  |  L2 rel error (val): 0.8338
Epoch    3/100  --  data: 0.0210  |  pushforward: 0.1194  |  physics: 0.3229  |  L2 rel error (val): 0.8362
Epoch    4/100  --  data: 0.0199  |  pushforward: 0.0961  |  physics: 0.3380  |  L2 rel error (val): 0.8932
Epoch    5/100  --  data: 0.0233  |  pushforward: 0.0971  |  physics: 0.3401  |  L2 rel error (val): 0.8642
Epoch    6/100  --  data: 0.0213  |  pushforward: 0.0799  |  physics: 0.3441  |  L2 rel error (val): 0.9370
Epoch    7/100  --  data: 0.0196  |  pushforward: 0.0696  |  physics: 0.3517  |  L2 rel error (val): 0.8832
Epoch    8/100  --  data: 0.0175  |  pushforward: 0.0591  |  physics: 0.3557  |  L2 rel error (val): 1.7200
Epoch    9/100  --  data: 0.0165  |  pushforward: 0.0561  |  physics: 0.3612  |  L2 rel error (val): 1.0686
Epoch   10/100  --  data: 0.0149  |  pushforward: 0.0501  |  physics: 0.3683  |  L2 rel error (val): 1.4396
Epoch   11/100  --  data: 0.0152  |  pushforward: 0.0552  |  physics: 0.3796  |  L2 rel error (val): 1.2680
Epoch   12/100  --  data: 0.0145  |  pushforward: 0.0515  |  physics: 0.3835  |  L2 rel error (val): 0.9338
Epoch   13/100  --  data: 0.0133  |  pushforward: 0.0450  |  physics: 0.3689  |  L2 rel error (val): 1.1207
Epoch   14/100  --  data: 0.0125  |  pushforward: 0.0413  |  physics: 0.3732  |  L2 rel error (val): 1.0511
Epoch   15/100  --  data: 0.0123  |  pushforward: 0.0412  |  physics: 0.3776  |  L2 rel error (val): 0.9287
Epoch   16/100  --  data: 0.0119  |  pushforward: 0.0380  |  physics: 0.3747  |  L2 rel error (val): 1.0958
Epoch   17/100  --  data: 0.0114  |  pushforward: 0.0386  |  physics: 0.3827  |  L2 rel error (val): 1.3666
Early stopping at epoch 17: val loss hasn't improved for 15 epochs (best=0.833760).
Best model reloaded -- minimum L2 rel error (val): 0.833760
[mem] after training: 28.46 Go
[mem] after evaluate_one_step: 28.54 Go
[mem] after rollout + benchmark: 28.54 Go
Done -- outputs in /home/aph25/Code_GH/runs/p7_dataset_medium
RUN DONE: configs/runs/p7_dataset_medium.yaml
