=== beamsurrogate [run] run_id=p1_pushforward model=mlp regime=pushforward stabilizer=none dataset=simple features=['U'] ===
[mem] start: 0.58 Go
Loaded 2000 trajectories from /home/aph25/Code_GH/data/beam_dataset_simple.h5
Split distribution (from dataset):
  train : 1817 simulations (90.8 %)
  val   :   84 simulations (4.2 %)
  test  :   99 simulations (5.0 %)
[mem] after load_hdf5_dataset: 20.61 Go
[mem] after compute_norm_stats: 20.61 Go
MLP(
  (net): Sequential(
    (0): Linear(in_features=46, out_features=512, bias=True)
    (1): GELU(approximate='none')
    (2): Linear(in_features=512, out_features=256, bias=True)
    (3): GELU(approximate='none')
    (4): Linear(in_features=256, out_features=64, bias=True)
    (5): GELU(approximate='none')
    (6): Linear(in_features=64, out_features=3, bias=True)
  )
)
Parameters: 172,035
[mem] after make_dataloaders: 38.33 Go
[mem] after trimming df to test split: 19.80 Go
Epoch    1/100  --  data: 0.0156  |  pushforward: 0.4463  |  physics: 0.0414  |  comparable loss (val): 0.0121
Epoch    2/100  --  data: 0.0093  |  pushforward: 0.2337  |  physics: 0.0235  |  comparable loss (val): 0.0579
Epoch    3/100  --  data: 0.0111  |  pushforward: 0.2439  |  physics: 0.0276  |  comparable loss (val): 1.7935
Epoch    4/100  --  data: 0.0100  |  pushforward: 0.1890  |  physics: 0.0254  |  comparable loss (val): 0.0391
Epoch    5/100  --  data: 0.0100  |  pushforward: 0.1734  |  physics: 0.0248  |  comparable loss (val): 0.1260
Epoch    6/100  --  data: 0.0091  |  pushforward: 0.1556  |  physics: 0.0232  |  comparable loss (val): 0.1319
Epoch    7/100  --  data: 0.0077  |  pushforward: 0.1253  |  physics: 0.0206  |  comparable loss (val): 0.0188
Epoch    8/100  --  data: 0.0071  |  pushforward: 0.1182  |  physics: 0.0195  |  comparable loss (val): 0.0515
Epoch    9/100  --  data: 0.0061  |  pushforward: 0.1004  |  physics: 0.0176  |  comparable loss (val): 0.0210
Epoch   10/100  --  data: 0.0060  |  pushforward: 0.0956  |  physics: 0.0170  |  comparable loss (val): 0.0715
Epoch   11/100  --  data: 0.0059  |  pushforward: 0.0960  |  physics: 0.0171  |  comparable loss (val): 0.0343
Epoch   12/100  --  data: 0.0053  |  pushforward: 0.0857  |  physics: 0.0159  |  comparable loss (val): 0.0302
Epoch   13/100  --  data: 0.0049  |  pushforward: 0.0779  |  physics: 0.0151  |  comparable loss (val): 0.0273
Epoch   14/100  --  data: 0.0047  |  pushforward: 0.0769  |  physics: 0.0148  |  comparable loss (val): 0.0955
Epoch   15/100  --  data: 0.0047  |  pushforward: 0.0741  |  physics: 0.0145  |  comparable loss (val): 0.0642
Epoch   16/100  --  data: 0.0044  |  pushforward: 0.0709  |  physics: 0.0143  |  comparable loss (val): 0.0043
Epoch   17/100  --  data: 0.0042  |  pushforward: 0.0673  |  physics: 0.0136  |  comparable loss (val): 0.0185
Epoch   18/100  --  data: 0.0040  |  pushforward: 0.0653  |  physics: 0.0131  |  comparable loss (val): 0.0944
Epoch   19/100  --  data: 0.0040  |  pushforward: 0.0648  |  physics: 0.0132  |  comparable loss (val): 0.0391
Epoch   20/100  --  data: 0.0038  |  pushforward: 0.0599  |  physics: 0.0128  |  comparable loss (val): 0.0079
Epoch   21/100  --  data: 0.0038  |  pushforward: 0.0608  |  physics: 0.0127  |  comparable loss (val): 0.0914
Epoch   22/100  --  data: 0.0036  |  pushforward: 0.0572  |  physics: 0.0122  |  comparable loss (val): 0.0096
Epoch   23/100  --  data: 0.0036  |  pushforward: 0.0576  |  physics: 0.0121  |  comparable loss (val): 0.0116
Epoch   24/100  --  data: 0.0034  |  pushforward: 0.0536  |  physics: 0.0117  |  comparable loss (val): 0.0753
Epoch   25/100  --  data: 0.0037  |  pushforward: 0.0599  |  physics: 0.0132  |  comparable loss (val): 0.2809
Epoch   26/100  --  data: 0.0033  |  pushforward: 0.0523  |  physics: 0.0123  |  comparable loss (val): 0.0846
Epoch   27/100  --  data: 0.0033  |  pushforward: 0.0517  |  physics: 0.0122  |  comparable loss (val): 0.0164
Epoch   28/100  --  data: 0.0032  |  pushforward: 0.0512  |  physics: 0.0121  |  comparable loss (val): 0.0620
Epoch   29/100  --  data: 0.0033  |  pushforward: 0.0527  |  physics: 0.0118  |  comparable loss (val): 0.0304
Epoch   30/100  --  data: 0.0030  |  pushforward: 0.0481  |  physics: 0.0116  |  comparable loss (val): 0.0515
Epoch   31/100  --  data: 0.0031  |  pushforward: 0.0507  |  physics: 0.0125  |  comparable loss (val): 0.0294
Epoch   32/100  --  data: 0.0030  |  pushforward: 0.0479  |  physics: 0.0107  |  comparable loss (val): 0.0269
Epoch   33/100  --  data: 0.0030  |  pushforward: 0.0475  |  physics: 0.0124  |  comparable loss (val): 0.0410
Epoch   34/100  --  data: 0.0031  |  pushforward: 0.0488  |  physics: 0.0122  |  comparable loss (val): 0.0406
Epoch   35/100  --  data: 0.0029  |  pushforward: 0.0464  |  physics: 0.0106  |  comparable loss (val): 0.0263
Epoch   36/100  --  data: 0.0029  |  pushforward: 0.0461  |  physics: 0.0104  |  comparable loss (val): 0.0125
Epoch   37/100  --  data: 0.0030  |  pushforward: 0.0471  |  physics: 0.0108  |  comparable loss (val): 0.0147
Epoch   38/100  --  data: 0.0030  |  pushforward: 0.0494  |  physics: 0.0114  |  comparable loss (val): 0.0747
Epoch   39/100  --  data: 0.0027  |  pushforward: 0.0423  |  physics: 0.0104  |  comparable loss (val): 0.0128
Epoch   40/100  --  data: 0.0027  |  pushforward: 0.0427  |  physics: 0.0107  |  comparable loss (val): 0.0222
Epoch   41/100  --  data: 0.0027  |  pushforward: 0.0425  |  physics: 0.0106  |  comparable loss (val): 0.0296
Epoch   42/100  --  data: 0.0027  |  pushforward: 0.0445  |  physics: 0.0101  |  comparable loss (val): 0.2968
Epoch   43/100  --  data: 0.0026  |  pushforward: 0.0408  |  physics: 0.0108  |  comparable loss (val): 0.0131
Epoch   44/100  --  data: 0.0025  |  pushforward: 0.0407  |  physics: 0.0096  |  comparable loss (val): 0.0210
Epoch   45/100  --  data: 0.0026  |  pushforward: 0.0421  |  physics: 0.0100  |  comparable loss (val): 0.0065
Epoch   46/100  --  data: 0.0026  |  pushforward: 0.0420  |  physics: 0.0099  |  comparable loss (val): 0.0117
Epoch   47/100  --  data: 0.0025  |  pushforward: 0.0398  |  physics: 0.0107  |  comparable loss (val): 0.0437
Epoch   48/100  --  data: 0.0024  |  pushforward: 0.0382  |  physics: 0.0090  |  comparable loss (val): 0.0177
Epoch   49/100  --  data: 0.0025  |  pushforward: 0.0394  |  physics: 0.0099  |  comparable loss (val): 0.0063
Epoch   50/100  --  data: 0.0024  |  pushforward: 0.0379  |  physics: 0.0091  |  comparable loss (val): 0.0160
Epoch   51/100  --  data: 0.0024  |  pushforward: 0.0384  |  physics: 0.0091  |  comparable loss (val): 0.0306
Epoch   52/100  --  data: 0.0053  |  pushforward: 0.1753  |  physics: 0.2171  |  comparable loss (val): 0.0175
Epoch   53/100  --  data: 0.0024  |  pushforward: 0.0381  |  physics: 0.0093  |  comparable loss (val): 0.2066
Epoch   54/100  --  data: 0.0024  |  pushforward: 0.0364  |  physics: 0.0097  |  comparable loss (val): 0.0171
Epoch   55/100  --  data: 0.0024  |  pushforward: 0.0382  |  physics: 0.0094  |  comparable loss (val): 0.1514
Epoch   56/100  --  data: 0.0022  |  pushforward: 0.0342  |  physics: 0.0090  |  comparable loss (val): 0.0400
Epoch   57/100  --  data: 0.0024  |  pushforward: 0.0383  |  physics: 0.0095  |  comparable loss (val): 0.0274
Epoch   58/100  --  data: 0.0023  |  pushforward: 0.0357  |  physics: 0.0091  |  comparable loss (val): 0.0922
Epoch   59/100  --  data: 0.0024  |  pushforward: 0.0357  |  physics: 0.0092  |  comparable loss (val): 0.0734
Epoch   60/100  --  data: 0.0023  |  pushforward: 0.0347  |  physics: 0.0088  |  comparable loss (val): 0.0247
Epoch   61/100  --  data: 0.0023  |  pushforward: 0.0357  |  physics: 0.0090  |  comparable loss (val): 0.0034
Epoch   62/100  --  data: 0.0107  |  pushforward: 0.5797  |  physics: 1.1715  |  comparable loss (val): 0.0443
Epoch   63/100  --  data: 0.0026  |  pushforward: 0.0376  |  physics: 0.0105  |  comparable loss (val): 0.1212
Epoch   64/100  --  data: 0.0024  |  pushforward: 0.0367  |  physics: 0.0097  |  comparable loss (val): 0.0344
Epoch   65/100  --  data: 0.0039  |  pushforward: 0.0791  |  physics: 0.0867  |  comparable loss (val): 0.0258
Epoch   66/100  --  data: 0.0022  |  pushforward: 0.0328  |  physics: 0.0091  |  comparable loss (val): 0.0049
Epoch   67/100  --  data: 0.0023  |  pushforward: 0.0338  |  physics: 0.0093  |  comparable loss (val): 0.0246
Epoch   68/100  --  data: 0.0023  |  pushforward: 0.0350  |  physics: 0.0090  |  comparable loss (val): 0.0021
Epoch   69/100  --  data: 0.0023  |  pushforward: 0.0337  |  physics: 0.0094  |  comparable loss (val): 0.0370
Epoch   70/100  --  data: 0.0023  |  pushforward: 0.0350  |  physics: 0.0090  |  comparable loss (val): 0.0460
Epoch   71/100  --  data: 0.0022  |  pushforward: 0.0332  |  physics: 0.0094  |  comparable loss (val): 0.0633
Epoch   72/100  --  data: 0.0022  |  pushforward: 0.0326  |  physics: 0.0086  |  comparable loss (val): 0.0306
Epoch   73/100  --  data: 0.0026  |  pushforward: 0.0382  |  physics: 0.0124  |  comparable loss (val): 0.0405
Epoch   74/100  --  data: 0.0021  |  pushforward: 0.0313  |  physics: 0.0086  |  comparable loss (val): 0.0162
Epoch   75/100  --  data: 0.0021  |  pushforward: 0.0322  |  physics: 0.0083  |  comparable loss (val): 0.0055
Epoch   76/100  --  data: 0.0037  |  pushforward: 0.0623  |  physics: 0.0692  |  comparable loss (val): 0.0104
Epoch   77/100  --  data: 0.0022  |  pushforward: 0.0321  |  physics: 0.0092  |  comparable loss (val): 0.0063
Epoch   78/100  --  data: 0.0045  |  pushforward: 0.1770  |  physics: 0.2723  |  comparable loss (val): 0.0735
Epoch   79/100  --  data: 0.0023  |  pushforward: 0.0335  |  physics: 0.0090  |  comparable loss (val): 0.0535
Epoch   80/100  --  data: 0.0021  |  pushforward: 0.0311  |  physics: 0.0086  |  comparable loss (val): 0.0107
Epoch   81/100  --  data: 0.0032  |  pushforward: 0.0520  |  physics: 0.0539  |  comparable loss (val): 0.0186
Epoch   82/100  --  data: 0.0021  |  pushforward: 0.0311  |  physics: 0.0082  |  comparable loss (val): 0.0109
Epoch   83/100  --  data: 0.0021  |  pushforward: 0.0316  |  physics: 0.0086  |  comparable loss (val): 0.1629
Epoch   84/100  --  data: 0.0020  |  pushforward: 0.0306  |  physics: 0.0089  |  comparable loss (val): 0.0062
Epoch   85/100  --  data: 0.0020  |  pushforward: 0.0292  |  physics: 0.0090  |  comparable loss (val): 0.0514
Epoch   86/100  --  data: 0.0658  |  pushforward: 112.9088  |  physics: 419.7622  |  comparable loss (val): 10.4349
Epoch   87/100  --  data: 0.0354  |  pushforward: 0.4895  |  physics: 0.1957  |  comparable loss (val): 0.1509
