=== beamsurrogate [run] run_id=p10_noise model=mlp regime=pushforward stabilizer=noise dataset=simple features=['U'] ===
[mem] start: 0.58 Go
Loaded 2000 trajectories from /home/aph25/Code_GH/data/beam_dataset_simple.h5
Split distribution (from dataset):
  train : 1817 simulations (90.8 %)
  val   :   84 simulations (4.2 %)
  test  :   99 simulations (5.0 %)
[mem] after load_hdf5_dataset: 20.61 Go
[mem] after compute_norm_stats: 20.61 Go
MLP(
  (net): Sequential(
    (0): Linear(in_features=46, out_features=512, bias=True)
    (1): GELU(approximate='none')
    (2): Linear(in_features=512, out_features=256, bias=True)
    (3): GELU(approximate='none')
    (4): Linear(in_features=256, out_features=64, bias=True)
    (5): GELU(approximate='none')
    (6): Linear(in_features=64, out_features=3, bias=True)
  )
)
Parameters: 172,035
[mem] after make_dataloaders: 38.33 Go
[mem] after trimming df to test split: 19.81 Go
Epoch    1/100  --  data: 0.0156  |  pushforward: 0.4519  |  physics: 0.0375  |  comparable loss (val): 0.0151
Epoch    2/100  --  data: 0.0095  |  pushforward: 0.2192  |  physics: 0.0205  |  comparable loss (val): 0.0621
Epoch    3/100  --  data: 0.0093  |  pushforward: 0.1904  |  physics: 0.0196  |  comparable loss (val): 0.9672
Epoch    4/100  --  data: 0.0095  |  pushforward: 0.1785  |  physics: 0.0204  |  comparable loss (val): 0.0818
Epoch    5/100  --  data: 0.0100  |  pushforward: 0.1781  |  physics: 0.0213  |  comparable loss (val): 0.1038
Epoch    6/100  --  data: 0.0084  |  pushforward: 0.1442  |  physics: 0.0188  |  comparable loss (val): 0.0417
Epoch    7/100  --  data: 0.0075  |  pushforward: 0.1205  |  physics: 0.0174  |  comparable loss (val): 0.0305
Epoch    8/100  --  data: 0.0070  |  pushforward: 0.1170  |  physics: 0.0169  |  comparable loss (val): 0.5854
Epoch    9/100  --  data: 0.0063  |  pushforward: 0.1063  |  physics: 0.0162  |  comparable loss (val): 0.0147
Epoch   10/100  --  data: 0.0058  |  pushforward: 0.0965  |  physics: 0.0156  |  comparable loss (val): 0.0890
Epoch   11/100  --  data: 0.0055  |  pushforward: 0.0897  |  physics: 0.0147  |  comparable loss (val): 0.0491
Epoch   12/100  --  data: 0.0052  |  pushforward: 0.0874  |  physics: 0.0143  |  comparable loss (val): 0.1556
Epoch   13/100  --  data: 0.0048  |  pushforward: 0.0778  |  physics: 0.0140  |  comparable loss (val): 0.0357
Epoch   14/100  --  data: 0.0053  |  pushforward: 0.0936  |  physics: 0.0511  |  comparable loss (val): 0.1289
Epoch   15/100  --  data: 0.0048  |  pushforward: 0.0785  |  physics: 0.0136  |  comparable loss (val): 0.0596
Epoch   16/100  --  data: 0.0045  |  pushforward: 0.0739  |  physics: 0.0136  |  comparable loss (val): 0.0127
Epoch   17/100  --  data: 0.0051  |  pushforward: 0.0777  |  physics: 0.0292  |  comparable loss (val): 0.0825
Epoch   18/100  --  data: 0.0044  |  pushforward: 0.0721  |  physics: 0.0126  |  comparable loss (val): 0.0675
Epoch   19/100  --  data: 0.0043  |  pushforward: 0.0696  |  physics: 0.0130  |  comparable loss (val): 0.0308
Epoch   20/100  --  data: 0.0044  |  pushforward: 0.0698  |  physics: 0.0136  |  comparable loss (val): 0.0267
Epoch   21/100  --  data: 0.0040  |  pushforward: 0.0639  |  physics: 0.0123  |  comparable loss (val): 0.0400
Epoch   22/100  --  data: 0.0040  |  pushforward: 0.0629  |  physics: 0.0129  |  comparable loss (val): 0.0354
Epoch   23/100  --  data: 0.0042  |  pushforward: 0.0678  |  physics: 0.0123  |  comparable loss (val): 0.0087
Epoch   24/100  --  data: 0.0038  |  pushforward: 0.0630  |  physics: 0.0121  |  comparable loss (val): 0.0415
Epoch   25/100  --  data: 0.0037  |  pushforward: 0.0594  |  physics: 0.0123  |  comparable loss (val): 0.0814
Epoch   26/100  --  data: 0.0036  |  pushforward: 0.0574  |  physics: 0.0118  |  comparable loss (val): 0.0368
Epoch   27/100  --  data: 0.0034  |  pushforward: 0.0541  |  physics: 0.0105  |  comparable loss (val): 0.0186
Epoch   28/100  --  data: 0.0035  |  pushforward: 0.0571  |  physics: 0.0118  |  comparable loss (val): 0.0746
Epoch   29/100  --  data: 0.0033  |  pushforward: 0.0515  |  physics: 0.0103  |  comparable loss (val): 0.0496
Epoch   30/100  --  data: 0.0055  |  pushforward: 0.1386  |  physics: 0.1399  |  comparable loss (val): 0.1575
Epoch   31/100  --  data: 0.0043  |  pushforward: 0.0727  |  physics: 0.0470  |  comparable loss (val): 0.0067
Epoch   32/100  --  data: 0.0041  |  pushforward: 0.0576  |  physics: 0.0119  |  comparable loss (val): 0.0962
Epoch   33/100  --  data: 0.0052  |  pushforward: 0.0782  |  physics: 0.0369  |  comparable loss (val): 0.4540
Epoch   34/100  --  data: 0.0039  |  pushforward: 0.0571  |  physics: 0.0114  |  comparable loss (val): 0.0511
Epoch   35/100  --  data: 0.0033  |  pushforward: 0.0504  |  physics: 0.0197  |  comparable loss (val): 0.0879
Epoch   36/100  --  data: 0.0043  |  pushforward: 0.0644  |  physics: 0.0184  |  comparable loss (val): 0.0377
Epoch   37/100  --  data: 0.0031  |  pushforward: 0.0474  |  physics: 0.0102  |  comparable loss (val): 0.0966
Epoch   38/100  --  data: 0.0033  |  pushforward: 0.0510  |  physics: 0.0117  |  comparable loss (val): 0.0402
Epoch   39/100  --  data: 0.0029  |  pushforward: 0.0462  |  physics: 0.0095  |  comparable loss (val): 0.0463
Epoch   40/100  --  data: 0.0032  |  pushforward: 0.0500  |  physics: 0.0114  |  comparable loss (val): 0.0451
Epoch   41/100  --  data: 0.0034  |  pushforward: 0.0541  |  physics: 0.0245  |  comparable loss (val): 0.0222
Epoch   42/100  --  data: 0.0028  |  pushforward: 0.0436  |  physics: 0.0096  |  comparable loss (val): 0.1097
Epoch   43/100  --  data: 0.0029  |  pushforward: 0.0461  |  physics: 0.0093  |  comparable loss (val): 0.0608
Epoch   44/100  --  data: 0.0207  |  pushforward: 84.7172  |  physics: 53.1982  |  comparable loss (val): 0.1621
Epoch   45/100  --  data: 0.0062  |  pushforward: 0.0838  |  physics: 0.0249  |  comparable loss (val): 0.0191
Epoch   46/100  --  data: 0.0041  |  pushforward: 0.0629  |  physics: 0.0255  |  comparable loss (val): 0.2154
Early stopping at epoch 46: val loss hasn't improved for 15 epochs (best=0.006716).
Best model reloaded -- minimum comparable loss (val): 0.006716
[mem] after training: 20.14 Go
[mem] after evaluate_one_step: 20.25 Go
[mem] after rollout + benchmark: 20.25 Go
Done -- outputs in runs/p10_stabilisation_strategies/p10_noise
RUN DONE: runs/p10_stabilisation_strategies/p10_noise/config.yaml
