=== beamsurrogate [run] run_id=p6_dataset_medium model=mlp regime=pushforward stabilizer=none dataset=medium features=['U'] ===
[mem] start: 0.58 Go
Loaded 2000 trajectories from /home/aph25/Code_GH/data/beam_dataset_medium.h5
Split distribution (from dataset):
  train : 1817 simulations (90.8 %)
  val   :   84 simulations (4.2 %)
  test  :   99 simulations (5.0 %)
[mem] after load_hdf5_dataset: 28.96 Go
[mem] after compute_norm_stats: 28.95 Go
MLP(
  (net): Sequential(
    (0): Linear(in_features=69, out_features=256, bias=True)
    (1): GELU(approximate='none')
    (2): Linear(in_features=256, out_features=128, bias=True)
    (3): GELU(approximate='none')
    (4): Linear(in_features=128, out_features=32, bias=True)
    (5): GELU(approximate='none')
    (6): Linear(in_features=32, out_features=2, bias=True)
  )
)
Parameters: 55,010
[mem] after make_dataloaders: 54.61 Go
[mem] after trimming df to test split: 28.17 Go
Epoch    1/100  --  data: 0.0339  |  pushforward: 1.0644  |  physics: 0.0970  |  comparable loss (val): 0.0964
Epoch    2/100  --  data: 0.0163  |  pushforward: 0.4860  |  physics: 0.0278  |  comparable loss (val): 0.0568
Epoch    3/100  --  data: 0.0144  |  pushforward: 0.3856  |  physics: 0.0249  |  comparable loss (val): 1.1045
Epoch    4/100  --  data: 0.0130  |  pushforward: 0.3278  |  physics: 0.0226  |  comparable loss (val): 0.7777
Epoch    5/100  --  data: 0.0129  |  pushforward: 0.2971  |  physics: 0.0230  |  comparable loss (val): 0.2237
Epoch    6/100  --  data: 0.0113  |  pushforward: 0.2400  |  physics: 0.0214  |  comparable loss (val): 0.0577
Epoch    7/100  --  data: 0.0096  |  pushforward: 0.1871  |  physics: 0.0195  |  comparable loss (val): 0.0188
Epoch    8/100  --  data: 0.0088  |  pushforward: 0.1611  |  physics: 0.0194  |  comparable loss (val): 0.0877
Epoch    9/100  --  data: 0.0086  |  pushforward: 0.1629  |  physics: 0.0185  |  comparable loss (val): 0.0529
Epoch   10/100  --  data: 0.0079  |  pushforward: 0.1389  |  physics: 0.0172  |  comparable loss (val): 0.0735
Epoch   11/100  --  data: 0.0072  |  pushforward: 0.1288  |  physics: 0.0161  |  comparable loss (val): 0.0305
Epoch   12/100  --  data: 0.0072  |  pushforward: 0.1274  |  physics: 0.0160  |  comparable loss (val): 0.0782
Epoch   13/100  --  data: 0.0067  |  pushforward: 0.1054  |  physics: 0.0153  |  comparable loss (val): 0.0351
Epoch   14/100  --  data: 0.0065  |  pushforward: 0.1039  |  physics: 0.0149  |  comparable loss (val): 0.0866
Epoch   15/100  --  data: 0.0062  |  pushforward: 0.1008  |  physics: 0.0143  |  comparable loss (val): 0.0141
Epoch   16/100  --  data: 0.0055  |  pushforward: 0.0819  |  physics: 0.0134  |  comparable loss (val): 0.0051
Epoch   17/100  --  data: 0.0059  |  pushforward: 0.0951  |  physics: 0.0138  |  comparable loss (val): 0.0292
Epoch   18/100  --  data: 0.0055  |  pushforward: 0.0865  |  physics: 0.0130  |  comparable loss (val): 0.0347
Epoch   19/100  --  data: 0.0053  |  pushforward: 0.0793  |  physics: 0.0127  |  comparable loss (val): 0.0466
Epoch   20/100  --  data: 0.0051  |  pushforward: 0.0783  |  physics: 0.0125  |  comparable loss (val): 0.0409
Epoch   21/100  --  data: 0.0049  |  pushforward: 0.0749  |  physics: 0.0122  |  comparable loss (val): 0.1524
Epoch   22/100  --  data: 0.0053  |  pushforward: 0.0783  |  physics: 0.0125  |  comparable loss (val): 0.0158
Epoch   23/100  --  data: 0.0051  |  pushforward: 0.0801  |  physics: 0.0125  |  comparable loss (val): 0.0107
Epoch   24/100  --  data: 0.0050  |  pushforward: 0.0741  |  physics: 0.0124  |  comparable loss (val): 0.1799
Epoch   25/100  --  data: 0.0053  |  pushforward: 0.0792  |  physics: 0.0126  |  comparable loss (val): 0.1572
Epoch   26/100  --  data: 0.0047  |  pushforward: 0.0682  |  physics: 0.0116  |  comparable loss (val): 0.0241
Epoch   27/100  --  data: 0.0045  |  pushforward: 0.0649  |  physics: 0.0112  |  comparable loss (val): 0.0168
Epoch   28/100  --  data: 0.0044  |  pushforward: 0.0601  |  physics: 0.0111  |  comparable loss (val): 0.1365
Epoch   29/100  --  data: 0.0044  |  pushforward: 0.0619  |  physics: 0.0110  |  comparable loss (val): 0.0359
Epoch   30/100  --  data: 0.0044  |  pushforward: 0.0610  |  physics: 0.0110  |  comparable loss (val): 0.1238
Epoch   31/100  --  data: 0.0041  |  pushforward: 0.0543  |  physics: 0.0104  |  comparable loss (val): 0.0057
Early stopping at epoch 31: val loss hasn't improved for 15 epochs (best=0.005148).
Best model reloaded -- minimum comparable loss (val): 0.005148
[mem] after training: 28.66 Go
[mem] after evaluate_one_step: 28.75 Go
[mem] after rollout + benchmark: 28.75 Go
Done -- outputs in runs/p6_performance_different_datasets/p6_dataset_medium
RUN DONE: runs/p6_performance_different_datasets/p6_dataset_medium/config.yaml
