=== beamsurrogate [run] run_id=p6_dataset_medium model=mlp regime=pushforward stabilizer=none dataset=medium features=['U'] ===
[mem] start: 0.57 Go
Loaded 2000 trajectories from /home/aph25/Code_GH/data/beam_dataset_medium.h5
Split distribution (from dataset):
  train : 1817 simulations (90.8 %)
  val   :   84 simulations (4.2 %)
  test  :   99 simulations (5.0 %)
[mem] after load_hdf5_dataset: 28.96 Go
[mem] after compute_norm_stats: 28.96 Go
MLP(
  (net): Sequential(
    (0): Linear(in_features=69, out_features=256, bias=True)
    (1): GELU(approximate='none')
    (2): Linear(in_features=256, out_features=128, bias=True)
    (3): GELU(approximate='none')
    (4): Linear(in_features=128, out_features=32, bias=True)
    (5): GELU(approximate='none')
    (6): Linear(in_features=32, out_features=2, bias=True)
  )
)
Parameters: 55,010
[mem] after make_dataloaders: 54.62 Go
[mem] after trimming df to test split: 28.18 Go
Epoch    1/80  --  data: 0.0339  |  pushforward: 1.0644  |  physics: 0.0970  |  comparable loss (val): 0.0964
Epoch    2/80  --  data: 0.0163  |  pushforward: 0.4860  |  physics: 0.0278  |  comparable loss (val): 0.0568
Epoch    3/80  --  data: 0.0144  |  pushforward: 0.3856  |  physics: 0.0249  |  comparable loss (val): 1.1045
Epoch    4/80  --  data: 0.0130  |  pushforward: 0.3278  |  physics: 0.0226  |  comparable loss (val): 0.7777
Epoch    5/80  --  data: 0.0129  |  pushforward: 0.2971  |  physics: 0.0230  |  comparable loss (val): 0.2237
Epoch    6/80  --  data: 0.0113  |  pushforward: 0.2400  |  physics: 0.0214  |  comparable loss (val): 0.0577
Epoch    7/80  --  data: 0.0096  |  pushforward: 0.1871  |  physics: 0.0195  |  comparable loss (val): 0.0188
Epoch    8/80  --  data: 0.0088  |  pushforward: 0.1611  |  physics: 0.0194  |  comparable loss (val): 0.0877
Epoch    9/80  --  data: 0.0086  |  pushforward: 0.1629  |  physics: 0.0185  |  comparable loss (val): 0.0529
Epoch   10/80  --  data: 0.0079  |  pushforward: 0.1389  |  physics: 0.0172  |  comparable loss (val): 0.0735
Epoch   11/80  --  data: 0.0072  |  pushforward: 0.1288  |  physics: 0.0161  |  comparable loss (val): 0.0305
Epoch   12/80  --  data: 0.0072  |  pushforward: 0.1274  |  physics: 0.0160  |  comparable loss (val): 0.0782
Epoch   13/80  --  data: 0.0067  |  pushforward: 0.1054  |  physics: 0.0153  |  comparable loss (val): 0.0351
Epoch   14/80  --  data: 0.0065  |  pushforward: 0.1039  |  physics: 0.0149  |  comparable loss (val): 0.0866
Epoch   15/80  --  data: 0.0062  |  pushforward: 0.1008  |  physics: 0.0143  |  comparable loss (val): 0.0141
Epoch   16/80  --  data: 0.0055  |  pushforward: 0.0819  |  physics: 0.0134  |  comparable loss (val): 0.0051
Epoch   17/80  --  data: 0.0059  |  pushforward: 0.0951  |  physics: 0.0138  |  comparable loss (val): 0.0292
Epoch   18/80  --  data: 0.0055  |  pushforward: 0.0865  |  physics: 0.0130  |  comparable loss (val): 0.0347
Epoch   19/80  --  data: 0.0053  |  pushforward: 0.0793  |  physics: 0.0127  |  comparable loss (val): 0.0466
Epoch   20/80  --  data: 0.0051  |  pushforward: 0.0783  |  physics: 0.0125  |  comparable loss (val): 0.0409
Epoch   21/80  --  data: 0.0049  |  pushforward: 0.0749  |  physics: 0.0122  |  comparable loss (val): 0.1524
Epoch   22/80  --  data: 0.0053  |  pushforward: 0.0783  |  physics: 0.0125  |  comparable loss (val): 0.0158
Epoch   23/80  --  data: 0.0051  |  pushforward: 0.0801  |  physics: 0.0125  |  comparable loss (val): 0.0107
Epoch   24/80  --  data: 0.0050  |  pushforward: 0.0741  |  physics: 0.0124  |  comparable loss (val): 0.1799
Epoch   25/80  --  data: 0.0053  |  pushforward: 0.0792  |  physics: 0.0126  |  comparable loss (val): 0.1572
Epoch   26/80  --  data: 0.0047  |  pushforward: 0.0682  |  physics: 0.0116  |  comparable loss (val): 0.0241
Epoch   27/80  --  data: 0.0045  |  pushforward: 0.0649  |  physics: 0.0112  |  comparable loss (val): 0.0168
Epoch   28/80  --  data: 0.0044  |  pushforward: 0.0601  |  physics: 0.0111  |  comparable loss (val): 0.1365
Epoch   29/80  --  data: 0.0044  |  pushforward: 0.0619  |  physics: 0.0110  |  comparable loss (val): 0.0359
Epoch   30/80  --  data: 0.0044  |  pushforward: 0.0610  |  physics: 0.0110  |  comparable loss (val): 0.1238
Epoch   31/80  --  data: 0.0041  |  pushforward: 0.0543  |  physics: 0.0104  |  comparable loss (val): 0.0057
Epoch   32/80  --  data: 0.0043  |  pushforward: 0.0583  |  physics: 0.0109  |  comparable loss (val): 0.0240
Epoch   33/80  --  data: 0.0041  |  pushforward: 0.0566  |  physics: 0.0108  |  comparable loss (val): 0.3517
Epoch   34/80  --  data: 0.0044  |  pushforward: 0.0587  |  physics: 0.0109  |  comparable loss (val): 0.0179
Epoch   35/80  --  data: 0.0040  |  pushforward: 0.0530  |  physics: 0.0102  |  comparable loss (val): 0.0312
Epoch   36/80  --  data: 0.0044  |  pushforward: 0.0633  |  physics: 0.0111  |  comparable loss (val): 0.1242
Epoch   37/80  --  data: 0.0047  |  pushforward: 0.0688  |  physics: 0.0121  |  comparable loss (val): 0.0158
Epoch   38/80  --  data: 0.0038  |  pushforward: 0.0509  |  physics: 0.0100  |  comparable loss (val): 0.0844
Epoch   39/80  --  data: 0.0038  |  pushforward: 0.0501  |  physics: 0.0099  |  comparable loss (val): 0.1468
Epoch   40/80  --  data: 0.0038  |  pushforward: 0.0506  |  physics: 0.0101  |  comparable loss (val): 0.4227
Epoch   41/80  --  data: 0.0039  |  pushforward: 0.0554  |  physics: 0.0102  |  comparable loss (val): 0.2147
Epoch   42/80  --  data: 0.0038  |  pushforward: 0.0493  |  physics: 0.0100  |  comparable loss (val): 0.2617
Epoch   43/80  --  data: 0.0036  |  pushforward: 0.0457  |  physics: 0.0093  |  comparable loss (val): 0.0240
Epoch   44/80  --  data: 0.0038  |  pushforward: 0.0515  |  physics: 0.0098  |  comparable loss (val): 0.0385
Epoch   45/80  --  data: 0.0037  |  pushforward: 0.0475  |  physics: 0.0097  |  comparable loss (val): 0.0168
Epoch   46/80  --  data: 0.0037  |  pushforward: 0.0479  |  physics: 0.0096  |  comparable loss (val): 0.0284
Epoch   47/80  --  data: 0.0037  |  pushforward: 0.0496  |  physics: 0.0097  |  comparable loss (val): 0.1337
Epoch   48/80  --  data: 0.0038  |  pushforward: 0.0514  |  physics: 0.0094  |  comparable loss (val): 0.0090
Epoch   49/80  --  data: 0.0036  |  pushforward: 0.0470  |  physics: 0.0092  |  comparable loss (val): 0.0071
Epoch   50/80  --  data: 0.0034  |  pushforward: 0.0427  |  physics: 0.0088  |  comparable loss (val): 0.0158
Epoch   51/80  --  data: 0.0034  |  pushforward: 0.0425  |  physics: 0.0089  |  comparable loss (val): 0.0388
Epoch   52/80  --  data: 0.0038  |  pushforward: 0.0513  |  physics: 0.0093  |  comparable loss (val): 0.2331
Epoch   53/80  --  data: 0.0034  |  pushforward: 0.0453  |  physics: 0.0089  |  comparable loss (val): 0.0762
Epoch   54/80  --  data: 0.0034  |  pushforward: 0.0447  |  physics: 0.0090  |  comparable loss (val): 0.0194
Epoch   55/80  --  data: 0.0035  |  pushforward: 0.0453  |  physics: 0.0091  |  comparable loss (val): 0.8361
Epoch   56/80  --  data: 0.0037  |  pushforward: 0.0492  |  physics: 0.0093  |  comparable loss (val): 0.0309
Epoch   57/80  --  data: 0.0033  |  pushforward: 0.0431  |  physics: 0.0089  |  comparable loss (val): 0.0561
Epoch   58/80  --  data: 0.0035  |  pushforward: 0.0461  |  physics: 0.0088  |  comparable loss (val): 0.1331
Epoch   59/80  --  data: 0.0032  |  pushforward: 0.0400  |  physics: 0.0084  |  comparable loss (val): 0.0178
Epoch   60/80  --  data: 0.0035  |  pushforward: 0.0453  |  physics: 0.0087  |  comparable loss (val): 0.0278
Epoch   61/80  --  data: 0.0032  |  pushforward: 0.0400  |  physics: 0.0081  |  comparable loss (val): 0.0183
Epoch   62/80  --  data: 0.0034  |  pushforward: 0.0447  |  physics: 0.0087  |  comparable loss (val): 0.0130
Epoch   63/80  --  data: 0.0032  |  pushforward: 0.0417  |  physics: 0.0083  |  comparable loss (val): 0.0347
Epoch   64/80  --  data: 0.0032  |  pushforward: 0.0414  |  physics: 0.0082  |  comparable loss (val): 0.0481
Epoch   65/80  --  data: 0.0033  |  pushforward: 0.0426  |  physics: 0.0083  |  comparable loss (val): 0.0155
Epoch   66/80  --  data: 0.0032  |  pushforward: 0.0417  |  physics: 0.0081  |  comparable loss (val): 0.0066
Epoch   67/80  --  data: 0.0037  |  pushforward: 0.0484  |  physics: 0.0090  |  comparable loss (val): 0.0055
Epoch   68/80  --  data: 0.0032  |  pushforward: 0.0389  |  physics: 0.0081  |  comparable loss (val): 0.0065
Epoch   69/80  --  data: 0.0033  |  pushforward: 0.0407  |  physics: 0.0083  |  comparable loss (val): 0.0264
Epoch   70/80  --  data: 0.0031  |  pushforward: 0.0418  |  physics: 0.0082  |  comparable loss (val): 0.0438
Epoch   71/80  --  data: 0.0030  |  pushforward: 0.0356  |  physics: 0.0079  |  comparable loss (val): 0.0406
Epoch   72/80  --  data: 0.0036  |  pushforward: 0.0498  |  physics: 0.0088  |  comparable loss (val): 0.0550
Epoch   73/80  --  data: 0.0032  |  pushforward: 0.0404  |  physics: 0.0084  |  comparable loss (val): 0.4692
Epoch   74/80  --  data: 0.0031  |  pushforward: 0.0371  |  physics: 0.0080  |  comparable loss (val): 0.0095
Epoch   75/80  --  data: 0.0030  |  pushforward: 0.0378  |  physics: 0.0078  |  comparable loss (val): 0.0163
Epoch   76/80  --  data: 0.0033  |  pushforward: 0.0444  |  physics: 0.0087  |  comparable loss (val): 0.0175
Epoch   77/80  --  data: 0.0030  |  pushforward: 0.0383  |  physics: 0.0078  |  comparable loss (val): 0.0089
Epoch   78/80  --  data: 0.0031  |  pushforward: 0.0409  |  physics: 0.0081  |  comparable loss (val): 0.0123
Epoch   79/80  --  data: 0.0029  |  pushforward: 0.0347  |  physics: 0.0077  |  comparable loss (val): 0.0163
Epoch   80/80  --  data: 0.0030  |  pushforward: 0.0377  |  physics: 0.0078  |  comparable loss (val): 0.0096
Best model reloaded -- minimum comparable loss (val): 0.005148
[mem] after training: 28.92 Go
[mem] after evaluate_one_step: 29.02 Go
[mem] after rollout + benchmark: 29.02 Go
Done -- outputs in runs/p6_performance_different_datasets/p6_dataset_medium
RUN DONE: runs/p6_performance_different_datasets/p6_dataset_medium/config.yaml
