=== beamsurrogate [run] run_id=p12_arch_128_32 model=mlp regime=pushforward stabilizer=none dataset=simple features=['U'] ===
[mem] start: 0.57 Go
Loaded 2000 trajectories from /home/aph25/Code_GH/data/beam_dataset_simple.h5
Split distribution (from dataset):
  train : 1817 simulations (90.8 %)
  val   :   84 simulations (4.2 %)
  test  :   99 simulations (5.0 %)
[mem] after load_hdf5_dataset: 28.96 Go
[mem] after compute_norm_stats: 28.96 Go
MLP(
  (net): Sequential(
    (0): Linear(in_features=69, out_features=128, bias=True)
    (1): GELU(approximate='none')
    (2): Linear(in_features=128, out_features=32, bias=True)
    (3): GELU(approximate='none')
    (4): Linear(in_features=32, out_features=2, bias=True)
  )
)
Parameters: 13,154
[mem] after make_dataloaders: 54.62 Go
[mem] after trimming df to test split: 28.18 Go
Epoch    1/100  --  data: 0.0166  |  pushforward: 0.4352  |  physics: 0.0424  |  L2 rel error (val): 0.9941
Epoch    2/100  --  data: 0.0061  |  pushforward: 0.1669  |  physics: 0.0157  |  L2 rel error (val): 0.9100
Epoch    3/100  --  data: 0.0053  |  pushforward: 0.1360  |  physics: 0.0132  |  L2 rel error (val): 0.9103
Epoch    4/100  --  data: 0.0052  |  pushforward: 0.1188  |  physics: 0.0120  |  L2 rel error (val): 0.8597
Epoch    5/100  --  data: 0.0054  |  pushforward: 0.1198  |  physics: 0.0117  |  L2 rel error (val): 0.8488
Epoch    6/100  --  data: 0.0049  |  pushforward: 0.1032  |  physics: 0.0108  |  L2 rel error (val): 0.8543
Epoch    7/100  --  data: 0.0046  |  pushforward: 0.0943  |  physics: 0.0103  |  L2 rel error (val): 0.8422
Epoch    8/100  --  data: 0.0043  |  pushforward: 0.0857  |  physics: 0.0097  |  L2 rel error (val): 0.8309
Epoch    9/100  --  data: 0.0040  |  pushforward: 0.0783  |  physics: 0.0095  |  L2 rel error (val): 0.8407
Epoch   10/100  --  data: 0.0040  |  pushforward: 0.0764  |  physics: 0.0094  |  L2 rel error (val): 0.8508
Epoch   11/100  --  data: 0.0040  |  pushforward: 0.0759  |  physics: 0.0094  |  L2 rel error (val): 0.8397
Epoch   12/100  --  data: 0.0039  |  pushforward: 0.0749  |  physics: 0.0094  |  L2 rel error (val): 0.8388
Epoch   13/100  --  data: 0.0035  |  pushforward: 0.0634  |  physics: 0.0083  |  L2 rel error (val): 0.8327
Epoch   14/100  --  data: 0.0035  |  pushforward: 0.0645  |  physics: 0.0080  |  L2 rel error (val): 0.8443
Epoch   15/100  --  data: 0.0032  |  pushforward: 0.0563  |  physics: 0.0074  |  L2 rel error (val): 0.8415
Epoch   16/100  --  data: 0.0031  |  pushforward: 0.0562  |  physics: 0.0072  |  L2 rel error (val): 0.8338
Epoch   17/100  --  data: 0.0031  |  pushforward: 0.0546  |  physics: 0.0070  |  L2 rel error (val): 0.8346
Epoch   18/100  --  data: 0.0029  |  pushforward: 0.0510  |  physics: 0.0067  |  L2 rel error (val): 0.8313
Epoch   19/100  --  data: 0.0029  |  pushforward: 0.0505  |  physics: 0.0065  |  L2 rel error (val): 0.8407
Epoch   20/100  --  data: 0.0029  |  pushforward: 0.0474  |  physics: 0.0064  |  L2 rel error (val): 0.8320
Epoch   21/100  --  data: 0.0029  |  pushforward: 0.0487  |  physics: 0.0066  |  L2 rel error (val): 0.8338
Epoch   22/100  --  data: 0.0029  |  pushforward: 0.0461  |  physics: 0.0066  |  L2 rel error (val): 0.8550
Epoch   23/100  --  data: 0.0030  |  pushforward: 0.0484  |  physics: 0.0067  |  L2 rel error (val): 0.8433
Early stopping at epoch 23: val loss hasn't improved for 15 epochs (best=0.830892).
Best model reloaded -- minimum L2 rel error (val): 0.830892
[mem] after training: 28.51 Go
[mem] after evaluate_one_step: 28.60 Go
[mem] after rollout + benchmark: 28.60 Go
Done -- outputs in /home/aph25/Code_GH/runs/p12_arch_128_32
RUN DONE: configs/runs/p12_arch_128_32.yaml
