=== beamsurrogate [run] run_id=p2_bptt model=mlp regime=bptt stabilizer=none dataset=simple features=['U'] ===
[mem] start: 0.58 Go
Loaded 2000 trajectories from /home/aph25/Code_GH/data/beam_dataset_simple.h5
Split distribution (from dataset):
  train : 1817 simulations (90.8 %)
  val   :   84 simulations (4.2 %)
  test  :   99 simulations (5.0 %)
[mem] after load_hdf5_dataset: 20.61 Go
[mem] after compute_norm_stats: 20.61 Go
MLP(
  (net): Sequential(
    (0): Linear(in_features=46, out_features=512, bias=True)
    (1): GELU(approximate='none')
    (2): Linear(in_features=512, out_features=256, bias=True)
    (3): GELU(approximate='none')
    (4): Linear(in_features=256, out_features=64, bias=True)
    (5): GELU(approximate='none')
    (6): Linear(in_features=64, out_features=3, bias=True)
  )
)
Parameters: 172,035
[mem] after make_dataloaders: 38.33 Go
[mem] after trimming df to test split: 19.81 Go
Epoch    1/100 -- combined loss (train): 245.8522  |  L2 rel error (val): 1.0031 -- 105.0s
Epoch    2/100 -- combined loss (train): 15.5203  |  L2 rel error (val): 0.9839 -- 101.3s
Epoch    3/100 -- combined loss (train): 9.1598  |  L2 rel error (val): 0.9790 -- 100.7s
Epoch    4/100 -- combined loss (train): 6.9019  |  L2 rel error (val): 1.0470 -- 99.6s
Epoch    5/100 -- combined loss (train): 5.6667  |  L2 rel error (val): 0.9490 -- 99.6s
Epoch    6/100 -- combined loss (train): 5.4330  |  L2 rel error (val): 0.9710 -- 99.9s
Epoch    7/100 -- combined loss (train): 6.0824  |  L2 rel error (val): 0.9377 -- 99.8s
Epoch    8/100 -- combined loss (train): 5.8053  |  L2 rel error (val): 0.9814 -- 99.5s
Epoch    9/100 -- combined loss (train): 5.2847  |  L2 rel error (val): 0.9207 -- 99.5s
Epoch   10/100 -- combined loss (train): 5.2921  |  L2 rel error (val): 0.9411 -- 99.7s
Epoch   11/100 -- combined loss (train): 5.7247  |  L2 rel error (val): 0.9227 -- 99.7s
Epoch   12/100 -- combined loss (train): 6.9056  |  L2 rel error (val): 0.9122 -- 99.4s
Epoch   13/100 -- combined loss (train): 4.3798  |  L2 rel error (val): 0.9044 -- 99.1s
Epoch   14/100 -- combined loss (train): 5.6334  |  L2 rel error (val): 1.0907 -- 100.2s
Epoch   15/100 -- combined loss (train): 8.6663  |  L2 rel error (val): 0.9102 -- 99.2s
Epoch   16/100 -- combined loss (train): 4.1900  |  L2 rel error (val): 0.8607 -- 102.3s
Epoch   17/100 -- combined loss (train): 4.0907  |  L2 rel error (val): 0.8616 -- 99.4s
Epoch   18/100 -- combined loss (train): 5.7931  |  L2 rel error (val): 0.8948 -- 99.7s
Epoch   19/100 -- combined loss (train): 3.8629  |  L2 rel error (val): 0.9770 -- 100.2s
Epoch   20/100 -- combined loss (train): 52647.3125  |  L2 rel error (val): 0.9489 -- 99.5s
Epoch   21/100 -- combined loss (train): 10.9126  |  L2 rel error (val): 1.0114 -- 99.5s
Epoch   22/100 -- combined loss (train): 5.8181  |  L2 rel error (val): 0.9316 -- 99.4s
Epoch   23/100 -- combined loss (train): 4.2668  |  L2 rel error (val): 1.0188 -- 99.5s
Epoch   24/100 -- combined loss (train): 6.6901  |  L2 rel error (val): 0.8862 -- 99.8s
Epoch   25/100 -- combined loss (train): 3.5580  |  L2 rel error (val): 0.8718 -- 99.9s
Epoch   26/100 -- combined loss (train): 5.8412  |  L2 rel error (val): 0.8763 -- 99.6s
Epoch   27/100 -- combined loss (train): 3.3912  |  L2 rel error (val): 0.9630 -- 99.6s
Epoch   28/100 -- combined loss (train): 3.2087  |  L2 rel error (val): 0.8962 -- 99.9s
Epoch   29/100 -- combined loss (train): 3.1749  |  L2 rel error (val): 0.9043 -- 99.7s
Epoch   30/100 -- combined loss (train): 3.4971  |  L2 rel error (val): 0.8678 -- 99.6s
Epoch   31/100 -- combined loss (train): 2.7500  |  L2 rel error (val): 0.8785 -- 99.9s
Early stopping at epoch 31: val loss hasn't improved for 15 epochs (best=0.860655).
Best model reloaded -- minimum L2 rel error (val): 0.860655
[mem] after training: 20.19 Go
[mem] after evaluate_one_step: 20.24 Go
[mem] after rollout + benchmark: 20.24 Go
Done -- outputs in /home/aph25/Code_GH/runs/p2_bptt
RUN DONE: configs/runs/p2_bptt.yaml
