=== beamsurrogate [run] run_id=p10_noise_bias_off model=mlp regime=pushforward stabilizer=noise dataset=simple features=['U'] ===
[mem] start: 0.58 Go
Loaded 2000 trajectories from /home/aph25/Code_GH/data/beam_dataset_simple.h5
Split distribution (from dataset):
  train : 1817 simulations (90.8 %)
  val   :   84 simulations (4.2 %)
  test  :   99 simulations (5.0 %)
[mem] after load_hdf5_dataset: 20.61 Go
[mem] after compute_norm_stats: 20.61 Go
MLP(
  (net): Sequential(
    (0): Linear(in_features=46, out_features=512, bias=True)
    (1): GELU(approximate='none')
    (2): Linear(in_features=512, out_features=256, bias=True)
    (3): GELU(approximate='none')
    (4): Linear(in_features=256, out_features=64, bias=True)
    (5): GELU(approximate='none')
    (6): Linear(in_features=64, out_features=3, bias=True)
  )
)
Parameters: 172,035
[mem] after make_dataloaders: 38.33 Go
[mem] after trimming df to test split: 19.81 Go
Epoch    1/100  --  data: 0.0246  |  pushforward: 0.4662  |  physics: 0.0419  |  comparable loss (val): 0.0217
Epoch    2/100  --  data: 0.0182  |  pushforward: 0.2413  |  physics: 0.0297  |  comparable loss (val): 0.2727
Epoch    3/100  --  data: 0.0183  |  pushforward: 0.2070  |  physics: 0.0298  |  comparable loss (val): 0.3771
Epoch    4/100  --  data: 0.0196  |  pushforward: 0.2088  |  physics: 0.0302  |  comparable loss (val): 0.1151
Epoch    5/100  --  data: 0.0200  |  pushforward: 0.1907  |  physics: 0.0305  |  comparable loss (val): 0.1582
Epoch    6/100  --  data: 0.0190  |  pushforward: 0.1661  |  physics: 0.0286  |  comparable loss (val): 0.0467
Epoch    7/100  --  data: 0.0185  |  pushforward: 0.1583  |  physics: 0.0285  |  comparable loss (val): 0.0482
Epoch    8/100  --  data: 0.0177  |  pushforward: 0.1426  |  physics: 0.0268  |  comparable loss (val): 0.0638
Epoch    9/100  --  data: 0.0173  |  pushforward: 0.1359  |  physics: 0.0265  |  comparable loss (val): 0.0265
Epoch   10/100  --  data: 0.0167  |  pushforward: 0.1211  |  physics: 0.0253  |  comparable loss (val): 0.0585
Epoch   11/100  --  data: 0.0162  |  pushforward: 0.1142  |  physics: 0.0248  |  comparable loss (val): 0.0456
Epoch   12/100  --  data: 0.0158  |  pushforward: 0.1067  |  physics: 0.0244  |  comparable loss (val): 0.2444
Epoch   13/100  --  data: 0.0156  |  pushforward: 0.1033  |  physics: 0.0233  |  comparable loss (val): 0.1157
Epoch   14/100  --  data: 0.0153  |  pushforward: 0.0998  |  physics: 0.0232  |  comparable loss (val): 0.3813
Epoch   15/100  --  data: 0.0152  |  pushforward: 0.0981  |  physics: 0.0229  |  comparable loss (val): 0.0179
Epoch   16/100  --  data: 0.0148  |  pushforward: 0.0947  |  physics: 0.0225  |  comparable loss (val): 0.0100
Epoch   17/100  --  data: 0.0146  |  pushforward: 0.0909  |  physics: 0.0220  |  comparable loss (val): 0.0792
Epoch   18/100  --  data: 0.0142  |  pushforward: 0.0862  |  physics: 0.0212  |  comparable loss (val): 0.0215
Epoch   19/100  --  data: 0.0141  |  pushforward: 0.0830  |  physics: 0.0213  |  comparable loss (val): 0.0516
Epoch   20/100  --  data: 0.0140  |  pushforward: 0.0811  |  physics: 0.0212  |  comparable loss (val): 0.0597
Epoch   21/100  --  data: 0.0141  |  pushforward: 0.0872  |  physics: 0.0215  |  comparable loss (val): 0.1119
Epoch   22/100  --  data: 0.0138  |  pushforward: 0.0794  |  physics: 0.0207  |  comparable loss (val): 0.0676
Epoch   23/100  --  data: 0.0138  |  pushforward: 0.0811  |  physics: 0.0208  |  comparable loss (val): 0.0081
Epoch   24/100  --  data: 0.0135  |  pushforward: 0.0778  |  physics: 0.0198  |  comparable loss (val): 0.0926
Epoch   25/100  --  data: 0.0136  |  pushforward: 0.0783  |  physics: 0.0206  |  comparable loss (val): 0.0788
Epoch   26/100  --  data: 0.0136  |  pushforward: 0.0794  |  physics: 0.0255  |  comparable loss (val): 0.0412
Epoch   27/100  --  data: 0.0134  |  pushforward: 0.0751  |  physics: 0.0204  |  comparable loss (val): 0.0256
Epoch   28/100  --  data: 0.0132  |  pushforward: 0.0732  |  physics: 0.0206  |  comparable loss (val): 0.0551
Epoch   29/100  --  data: 0.0131  |  pushforward: 0.0723  |  physics: 0.0197  |  comparable loss (val): 0.1236
Epoch   30/100  --  data: 0.0130  |  pushforward: 0.0693  |  physics: 0.0192  |  comparable loss (val): 0.1079
Epoch   31/100  --  data: 0.0128  |  pushforward: 0.0685  |  physics: 0.0188  |  comparable loss (val): 0.0096
Epoch   32/100  --  data: 0.0130  |  pushforward: 0.0715  |  physics: 0.0193  |  comparable loss (val): 0.0445
Epoch   33/100  --  data: 0.0129  |  pushforward: 0.0695  |  physics: 0.0191  |  comparable loss (val): 0.0350
Epoch   34/100  --  data: 0.0127  |  pushforward: 0.0669  |  physics: 0.0189  |  comparable loss (val): 0.0376
Epoch   35/100  --  data: 0.0126  |  pushforward: 0.0657  |  physics: 0.0188  |  comparable loss (val): 0.0266
Epoch   36/100  --  data: 0.0127  |  pushforward: 0.0679  |  physics: 0.0188  |  comparable loss (val): 0.0422
Epoch   37/100  --  data: 0.0127  |  pushforward: 0.0674  |  physics: 0.0200  |  comparable loss (val): 0.0314
Epoch   38/100  --  data: 0.0126  |  pushforward: 0.0682  |  physics: 0.0185  |  comparable loss (val): 0.1222
Early stopping at epoch 38: val loss hasn't improved for 15 epochs (best=0.008148).
Best model reloaded -- minimum comparable loss (val): 0.008148
[mem] after training: 20.11 Go
[mem] after evaluate_one_step: 20.22 Go
[mem] after rollout + benchmark: 20.22 Go
Done -- outputs in runs/p10_stabilisation_strategies/p10_noise_bias_off
RUN DONE: runs/p10_stabilisation_strategies/p10_noise_bias_off/config.yaml
