=== beamsurrogate [run] run_id=p2_feat_ut_uxx model=mlp regime=pushforward stabilizer=none dataset=simple features=['Ut', 'Uxx'] ===
[mem] start: 0.58 Go
Loaded 2000 trajectories from /home/aph25/Code_GH/data/beam_dataset_simple.h5
Split distribution (from dataset):
  train : 1817 simulations (90.8 %)
  val   :   84 simulations (4.2 %)
  test  :   99 simulations (5.0 %)
[mem] after load_hdf5_dataset: 38.08 Go
[mem] after compute_norm_stats: 38.08 Go
MLP(
  (net): Sequential(
    (0): Linear(in_features=92, out_features=512, bias=True)
    (1): GELU(approximate='none')
    (2): Linear(in_features=512, out_features=256, bias=True)
    (3): GELU(approximate='none')
    (4): Linear(in_features=256, out_features=64, bias=True)
    (5): GELU(approximate='none')
    (6): Linear(in_features=64, out_features=3, bias=True)
  )
)
Parameters: 195,587
[mem] after make_dataloaders: 72.40 Go
[mem] after trimming df to test split: 37.28 Go
Epoch    1/100  --  data: 0.0051  |  pushforward: 0.3648  |  physics: 0.0000  |  comparable loss (val): 0.0142
Epoch    2/100  --  data: 0.0036  |  pushforward: 0.2184  |  physics: 0.0000  |  comparable loss (val): 0.0270
Epoch    3/100  --  data: 0.0030  |  pushforward: 0.1198  |  physics: 0.0000  |  comparable loss (val): 0.0148
Epoch    4/100  --  data: 0.0020  |  pushforward: 0.0621  |  physics: 0.0000  |  comparable loss (val): 0.0120
Epoch    5/100  --  data: 0.0023  |  pushforward: 0.0843  |  physics: 0.0000  |  comparable loss (val): 0.1733
Epoch    6/100  --  data: 0.0015  |  pushforward: 0.0316  |  physics: 0.0000  |  comparable loss (val): 0.0272
Epoch    7/100  --  data: 0.0011  |  pushforward: 0.0267  |  physics: 0.0000  |  comparable loss (val): 0.0040
Epoch    8/100  --  data: 0.0010  |  pushforward: 0.0211  |  physics: 0.0000  |  comparable loss (val): 0.0019
Epoch    9/100  --  data: 0.0035  |  pushforward: 0.1070  |  physics: 0.0000  |  comparable loss (val): 0.0190
Epoch   10/100  --  data: 0.0012  |  pushforward: 0.0258  |  physics: 0.0000  |  comparable loss (val): 0.0173
Epoch   11/100  --  data: 0.0025  |  pushforward: 0.0698  |  physics: 0.0000  |  comparable loss (val): 0.0188
Epoch   12/100  --  data: 0.0019  |  pushforward: 0.0624  |  physics: 0.0000  |  comparable loss (val): 0.0802
Epoch   13/100  --  data: 0.0010  |  pushforward: 0.0183  |  physics: 0.0000  |  comparable loss (val): 0.0289
Epoch   14/100  --  data: 0.0017  |  pushforward: 0.0392  |  physics: 0.0000  |  comparable loss (val): 0.0249
Epoch   15/100  --  data: 0.0010  |  pushforward: 0.0207  |  physics: 0.0000  |  comparable loss (val): 0.0057
Epoch   16/100  --  data: 0.0011  |  pushforward: 0.0227  |  physics: 0.0000  |  comparable loss (val): 0.0021
Epoch   17/100  --  data: 0.0016  |  pushforward: 0.0641  |  physics: 0.0000  |  comparable loss (val): 0.5474
Epoch   18/100  --  data: 0.0018  |  pushforward: 0.0317  |  physics: 0.0000  |  comparable loss (val): 0.0149
Epoch   19/100  --  data: 0.0009  |  pushforward: 0.0180  |  physics: 0.0000  |  comparable loss (val): 0.0127
Epoch   20/100  --  data: 0.0008  |  pushforward: 0.0150  |  physics: 0.0000  |  comparable loss (val): 0.0028
Epoch   21/100  --  data: 0.0038  |  pushforward: 0.6083  |  physics: 0.0000  |  comparable loss (val): 0.0754
Epoch   22/100  --  data: 0.0013  |  pushforward: 0.0618  |  physics: 0.0000  |  comparable loss (val): 0.0081
Epoch   23/100  --  data: 0.0019  |  pushforward: 0.0446  |  physics: 0.0000  |  comparable loss (val): 0.0041
Early stopping at epoch 23: val loss hasn't improved for 15 epochs (best=0.001922).
Best model reloaded -- minimum comparable loss (val): 0.001922
[mem] after training: 37.58 Go
[mem] after evaluate_one_step: 37.69 Go
[mem] after rollout + benchmark: 37.69 Go
Done -- outputs in runs/p2/p2_feat_ut_uxx
RUN DONE: runs/p2/p2_feat_ut_uxx/config.yaml
